0mR2K6lr 3.450 2.130 3.620 0.4225 0.1616 0.0309 0.000765 GOOD
pwRwWoJ3 3.330 3.580 2.250 0.1207 0.1445 0.0305 0.002393 SPECTACULAR
1YX6MA0M 3.260 1.940 3.530 0.4392 0.1555 0.0251 0.000708 GOOD
j23Pl0e5 3.250 1.860 3.500 0.4158 0.1357 0.0373 0.000653 GOOD
mLgd6nwX 3.170 1.960 3.310 0.4703 0.1793 0.0345 0.000763 GOOD
e79PvPpE 3.130 2.720 2.750 0.1918 0.1452 0.0337 0.001514 EXCELLENT
wpZJX6m5 3.100 2.460 2.030 0.1833 0.1154 0.0235 0.001259 EXCELLENT
e79kPeEM 3.020 1.790 0.000 0.5700 0.2002 0.0451 0.000702 GOOD
9qjqm3Q9 2.920 2.770 2.330 0.1187 0.1122 0.0281 0.001892 SPECTACULAR
O0N0R5NY 2.920 2.550 1.510 0.1552 0.1184 0.0329 0.001526 SPECTACULAR
3qXd5vg0 2.910 1.830 3.000 0.2970 0.1177 0.0232 0.000792 GOOD
O0N55k1Y 2.870 2.310 2.700 0.2354 0.1519 0.0383 0.001291 EXCELLENT
gJbk9V1K 2.820 2.160 2.430 0.1900 0.1116 0.0442 0.001175 EXCELLENT
O0rZ90n1 2.820 2.290 2.080 0.1871 0.1236 0.0306 0.001322 EXCELLENT
le8EMjoN 2.790 1.620 3.280 0.4725 0.1584 0.0457 0.000671 GOOD
mLmwpAKK 2.780 2.120 2.450 0.1796 0.1043 0.0284 0.001162 EXCELLENT
akLp3pzW 2.780 2.220 2.460 0.1778 0.1129 0.0281 0.001271 EXCELLENT
kqjpepz8 2.740 1.420 0.000 0.6631 0.1787 0.0522 0.000539 AVERAGE
le8EAJLO 2.730 1.510 2.910 0.4708 0.1438 0.0501 0.000611 GOOD
rK59235m 2.720 2.540 3.090 0.1526 0.1335 0.0298 0.001750 GOOD
zq8jl99K 2.680 1.990 1.500 0.1808 0.0999 0.0304 0.001105 GOOD
6Xjmjr7G 2.670 2.010 3.150 0.1977 0.1115 0.0356 0.001128 EXCELLENT
gJQMxZoJ 2.670 2.400 1.800 0.1430 0.1152 0.0293 0.001611 EXCELLENT
ZYbPbXj1 2.590 2.780 1.600 0.1052 0.1443 0.0330 0.002743 SPECTACULAR
QPbPpA8W 2.580 2.370 2.280 0.1662 0.1398 0.0392 0.001682 EXCELLENT
rKOrk5Qa 2.580 1.920 2.850 0.1830 0.1013 0.0301 0.001108 GOOD
QP3V2bVG 2.580 2.000 2.330 0.1986 0.1195 0.0578 0.001204 GOOD
E5prgA1K 2.570 1.860 2.620 0.2778 0.1451 0.0398 0.001044 GOOD
mLmOPGap 2.570 2.510 1.980 0.1792 0.1706 0.0695 0.001904 SPECTACULAR
58znv2Y1 2.560 2.020 1.640 0.1646 0.1021 0.0355 0.001241 EXCELLENT
Vka1Nar0 2.550 1.990 2.340 0.1780 0.1083 0.0299 0.001217 GOOD
9qjZ8oZ2 2.530 1.960 1.860 0.1732 0.1043 0.0394 0.001204 GOOD
zq8Xeo2R 2.520 1.750 2.180 0.2217 0.1071 0.0279 0.000966 GOOD
npdpEJ3l 2.520 2.090 1.470 0.0912 0.0858 0.0215 0.001882 EXCELLENT
LLNlX5nv 2.510 1.890 1.900 0.2048 0.1162 0.0277 0.001135 GOOD
QPbP6aRQ 2.510 2.060 1.990 0.0613 0.0845 0.0282 0.002759 EXCELLENT
kqVp6wnO 2.510 1.910 1.870 0.1904 0.1104 0.0414 0.001160 GOOD
QPbPwvnW 2.500 1.910 2.130 0.1424 0.0827 0.0230 0.001161 GOOD
9qX3M2mq 2.490 1.450 0.000 0.5278 0.1784 0.0544 0.000676 AVERAGE
akLmmvPW 2.480 1.630 1.930 0.2478 0.1076 0.0320 0.000868 GOOD
883OXpJl 2.480 1.780 0.000 0.1970 0.1018 0.0335 0.001034 GOOD
N1QJPJE8 2.470 1.700 2.020 0.3206 0.1522 0.0561 0.000949 GOOD
9qVEA1ZV 2.460 2.210 2.080 0.1331 0.1073 0.0354 0.001613 EXCELLENT
ZY07MXgd 2.460 2.350 2.080 0.1115 0.1136 0.0370 0.002038 GOOD
E5vx6NJP 2.450 1.850 1.780 0.1954 0.1116 0.0303 0.001142 GOOD
LL98E87L 2.450 2.140 1.700 0.0835 0.0950 0.0374 0.002275 EXCELLENT
O0NP30KR 2.440 1.880 1.300 0.1721 0.1027 0.0311 0.001194 GOOD
XgWnklXa 2.440 1.840 2.040 0.2014 0.1149 0.0411 0.001142 GOOD
npdM3G7z 2.430 1.770 3.020 0.1556 0.0822 0.0247 0.001057 GOOD
kqVJXpAl 2.430 1.900 1.460 0.2231 0.1361 0.0345 0.001220 GOOD
N1avK6zw 2.420 1.730 2.370 0.2133 0.1084 0.0344 0.001017 GOOD
LLNL3qqm 2.420 1.800 1.760 0.2040 0.1123 0.0521 0.001101 GOOD
npKGgKLw 2.420 1.700 1.800 0.2025 0.0995 0.0402 0.000983 GOOD
le8ddYbe 2.410 1.870 0.000 0.2303 0.1383 0.0501 0.001200 GOOD
RRV5l5Go 2.390 2.350 1.200 0.1122 0.1209 0.0305 0.002155 EXCELLENT
E5vkQ76G 2.390 1.720 0.000 0.2025 0.1051 0.0327 0.001038 GOOD
0mXm1neK 2.380 1.700 2.380 0.1747 0.0887 0.0511 0.001016 GOOD
gJbkQ31Q 2.370 1.760 1.750 0.2036 0.1123 0.0305 0.001103 GOOD
0mRwgR6k 2.350 2.000 2.330 0.0704 0.0903 0.0412 0.002565 GOOD
kqo2oOXd 2.340 1.970 2.100 0.1232 0.0883 0.0265 0.001432 GOOD
levb0dQx 2.340 1.900 1.520 0.0835 0.0822 0.0270 0.001969 GOOD
WjPexbLZ 2.320 1.790 3.480 0.2015 0.1198 0.0524 0.001189 GOOD
A10a7pdY 2.320 1.540 0.000 0.2800 0.1234 0.0513 0.000881 GOOD
qMW92Az2 2.320 1.600 0.000 0.4640 0.2210 0.1349 0.000953 GOOD
levpXXGl 2.310 2.400 1.500 0.0977 0.1353 0.0351 0.002769 EXCELLENT
LLNXEe7L 2.300 2.250 2.720 0.0944 0.1196 0.0416 0.002533 EXCELLENT
MPaPe0oo 2.300 2.060 1.780 0.0996 0.1003 0.0476 0.002013 EXCELLENT
9qVrJkYe 2.290 1.770 2.100 0.1555 0.0927 0.0324 0.001192 GOOD
qMxzlLYK 2.280 1.920 2.430 0.0991 0.0886 0.0319 0.001788 GOOD
omL8Mazn 2.280 2.060 1.750 0.1132 0.1025 0.0440 0.001812 EXCELLENT
YPbGEV3q 2.270 1.800 1.550 0.1849 0.1162 0.0450 0.001257 GOOD
6Xr2eQaJ 2.270 1.940 1.700 0.1307 0.0958 0.0383 0.001467 GOOD
9qV8l13o 2.270 1.330 3.000 0.4504 0.1545 0.0618 0.000686 AVERAGE
6XrbGx1L 2.260 1.750 0.000 0.1710 0.1026 0.0630 0.001200 GOOD
LL9n2Jp1 2.220 1.570 0.000 0.1791 0.0898 0.0295 0.001003 GOOD
1YwKML56 2.210 1.750 0.000 0.1891 0.1185 0.0497 0.001253 AVERAGE
e791WzbO 2.160 1.910 2.410 0.1341 0.1053 0.0405 0.001571 GOOD
zqYmRz0E 2.160 1.900 1.590 0.1394 0.1077 0.0443 0.001546 GOOD
YPbLZK2W 2.150 1.940 1.250 0.1650 0.1345 0.0542 0.001631 GOOD
58QVJA9M 2.150 1.270 0.000 0.2525 0.0877 0.0551 0.000695 AVERAGE
le8KY21N 2.140 1.650 3.130 0.2011 0.1191 0.0542 0.001185 GOOD
YP57jVzo 2.140 1.910 2.100 0.1363 0.1090 0.0645 0.001599 GOOD
58Q7kl1z 2.140 1.490 0.000 0.2287 0.1104 0.0374 0.000965 AVERAGE
akbjdK26 2.120 2.000 1.430 0.1254 0.1112 0.0361 0.001773 GOOD
1YwRK1wW 2.110 1.310 0.000 0.4114 0.1588 0.0710 0.000772 AVERAGE
N1QxNQK7 2.060 1.170 0.000 0.6575 0.2107 0.1764 0.000641 AVERAGE
kqoq0zed 2.020 1.830 1.350 0.1427 0.1175 0.0573 0.001646 GOOD
om6ea8j6 2.000 1.250 0.000 0.2293 0.0891 0.0523 0.000777 AVERAGE
j23nOrVW 1.920 1.510 0.000 0.0953 0.0777 0.0588 0.001630 GOOD
MP1mQRro 1.910 1.740 0.000 0.0934 0.1043 0.0668 0.002234 GOOD
A10MYm3d 1.900 1.460 0.000 0.2221 0.1308 0.0560 0.001178 AVERAGE
vRjG1Jzw 1.790 1.270 0.000 0.1901 0.0963 0.0558 0.001013 AVERAGE
akLqqmm6 1.710 1.230 0.000 0.2052 0.1057 0.0883 0.001030 AVERAGE
E5v15JPJ 1.670 1.140 0.000 0.2069 0.0969 0.0529 0.000937 AVERAGE
QP7z069Q 1.640 1.380 0.000 0.0194 0.0882 0.0419 0.009116 AVERAGE
RRVLeabj 1.610 1.090 0.000 0.2270 0.1043 0.0578 0.000919 AVERAGE
rKj7w0Z1 1.600 1.240 0.000 0.1512 0.0904 0.0593 0.001196 AVERAGE
58p2XdxX 1.550 1.340 0.000 0.0170 0.0938 0.0525 0.011041 AVERAGE
wpYgReRx 1.540 1.410 0.000 0.1151 0.1052 0.0739 0.001828 AVERAGE
RR79x16n 1.470 1.160 0.000 0.0194 0.0776 0.0450 0.007998 AVERAGE
wpjoxbbd 1.370 1.000 0.000 0.1574 0.0831 0.0873 0.001055 INFERIOR
QP3XalpK 1.270 1.070 0.000 0.1157 0.0889 0.0623 0.001536 AVERAGE
9qX8Nr6r 1.260 1.490 0.000 0.0383 0.1750 0.2641 0.009134 AVERAGE