HEADER: id,expr,S,F,T,R,DD,selfCorr,dateSubmitted,decay,neutralization,batch
--- row 1 ---
  id = YP57jVzo
  expr = group_rank(fnd6_mfma2_revt/assets, subindustry) + group_rank(-ts_mean(abs(returns)/volume, 20), subindustry) + rank(-ts_delta(close, 2))
  S = 2.14
  F = 1.91
  T = 0.1363
  R = 0.109
  DD = 0.0645
  selfCorr = 0.6804
  dateSubmitted = 
  decay = 8
  neutralization = SUBINDUSTRY
  batch = 0909批次
--- row 2 ---
  id = YP57jVzo
  expr = group_rank(fnd6_mfma2_revt/assets, subindustry) + group_rank(-ts_mean(abs(returns)/volume, 20), subindustry) + rank(-ts_delta(close, 2))
  S = 2.14
  F = 1.91
  T = 0.1363
  R = 0.109
  DD = 0.0645
  selfCorr = 
  dateSubmitted = 2026-09-09T03:27:30-04:00
  decay = 8
  neutralization = SUBINDUSTRY
  batch = 0909批次
=== platform ===
status: ACTIVE | stage: OS | grade: GOOD
dateSubmitted: 2026-09-09T03:27:30-04:00
is.sharpe: 2.14 | is.fitness: 1.91
expr: group_rank(fnd6_mfma2_revt/assets, subindustry) + group_rank(-ts_mean(abs(returns)/volume, 20), subindustry) + rank(-ts_delta(close, 2))