DUPROW: YP57jVzo  0909批次 group_rank(fnd6_mfma2_revt/assets, subindustry) + group_rank
DUPROW: YP57jVzo 2026-09-09T03:27:30-04:00 0909批次 group_rank(fnd6_mfma2_revt/assets, subindustry) + group_rank
PARSE_FAIL: 0
QUALITY_PASSERS_NOT_IN_LEDGER: 702
  a1_o3_d40 P0Z7Kj0x SF 4.17 tS 2.29 status UNSUBMITTED
  a2_o4_d40 2rOleE3x SF 4.09 tS 1.96 status UNSUBMITTED
  a3_g02_d40 om6qZ3Qm SF 4.27 tS 1.42 status UNSUBMITTED
  d1_d0_grev_xo_vol xAYjommJ SF 4.55 tS 2.49 status UNSUBMITTED
  d2_d0_grev5_xo_vol vRkjb0Vd SF 4.32 tS 2.4 status UNSUBMITTED
  d3_d0_grev_xr_vol 3q9lO6rO SF 4.47 tS 1.52 status UNSUBMITTED
  d4_d1_grev_xo_vol120 A10l5PKQ SF 4.25 tS 1.87 status UNSUBMITTED
  d6_d0_grev5_xr_vol MP17nYN8 SF 4.17 tS 1.41 status UNSUBMITTED
  e04_liab_rev 78Z1qvnv SF 4.48 tS 1.94 status UNSUBMITTED
  f09_sector_grp le8lQ3n7 SF 4.49 tS 1.87 status UNSUBMITTED
  f10_mult_strc Vk6P2G00 SF 4.19 tS 1.71 status UNSUBMITTED
  f12_vwap_rev 1YxdalNW SF 4.42 tS 1.83 status UNSUBMITTED
  g02_xrent_cash npK2nONd SF 4.61 tS 1.36 status UNSUBMITTED
  i05_amb_opex pwPlK163 SF 4.42 tS 3.09 status UNSUBMITTED
  j09_interact om6NxxKb SF 4.31 tS 1.39 status UNSUBMITTED
  l01_revt_amb60 Grdl1PeQ SF 4.03 tS 2.27 status UNSUBMITTED
  l02_revt_amb_rev3 xAYjOgRW SF 4.08 tS 1.89 status UNSUBMITTED
  l03_k02_cash npK7xbrq SF 4.38 tS 2.0 status UNSUBMITTED
  l08_k04_ind 58QlnjpM SF 4.28 tS 2.14 status UNSUBMITTED
  m09_xopr_vol 883lo1m7 SF 4.34 tS 2.56 status UNSUBMITTED
  m161_0mR2K6lr d5bkwLGX SF 4.07 tS 2.04 status UNSUBMITTED
  m161_e79PvPpE Vka1oG6A SF 4.6 tS 1.48 status UNSUBMITTED
  m161_gJQMxZoJ LLNVeOVn SF 4.81 tS 1.46 status UNSUBMITTED
  n02_xopr_vwap QP37JW0G SF 4.33 tS 2.57 status UNSUBMITTED
  n03_xopr_int le8jqgo8 SF 4.37 tS 2.23 status UNSUBMITTED
  n160_MPaPVYpM_SEC e7bkoYRJ SF 4.1 tS 1.88 status UNSUBMITTED
  n160_d5b5voEJ_SEC pwRYOV8X SF 5.18 tS 1.58 status UNSUBMITTED
  n160_pwRwWoJ3_SEC qMx9ZPaP SF 6.21 tS 1.5 status UNSUBMITTED
  n160_qMxMV8NA_MAR ZYbPGzr1 SF 4.73 tS 1.58 status UNSUBMITTED
  n160_qMxMV8NA_SEC gJbkzk0m SF 5.1 tS 1.61 status UNSUBMITTED
  o1_xopr_vwap3 3q9lr9K0 SF 4.21 tS 2.3 status UNSUBMITTED
  o2_xopr_vwap_vol90 RRV7QVQn SF 4.53 tS 2.35 status UNSUBMITTED
  o3_xopr_vwap_d14 blRjZzxM SF 4.6 tS 2.43 status UNSUBMITTED
  o4_xopr_vwap_d10 d5OjVGxx SF 4.45 tS 2.5 status UNSUBMITTED
  p10_tw02_xopr LL97eZ6m SF 4.02 tS 2.29 status UNSUBMITTED
  p2_pw_ind akL73wMO SF 4.37 tS 2.64 status UNSUBMITTED
  p3_pw_sec npK701Q8 SF 4.04 tS 2.51 status UNSUBMITTED
  p4_np_mkt Vk67nkXY SF 4.4 tS 2.67 status UNSUBMITTED
  p5_np_ind gJQjvq2J SF 4.52 tS 2.15 status UNSUBMITTED
  r1_p5_d6 E5vlYzQL SF 4.44 tS 2.35 status UNSUBMITTED
  r2_p5_d10 78Zj035x SF 4.47 tS 2.02 status UNSUBMITTED
  r3_p5_d14 QP37qxbG SF 4.33 tS 1.82 status UNSUBMITTED
  r4_p5_t006 QP37jPO5 SF 4.42 tS 1.88 status UNSUBMITTED
  r5_p5_t010 E5vlbAo0 SF 4.42 tS 1.88 status UNSUBMITTED
  r6_p5_sec akL7l22v SF 4.53 tS 2.06 status UNSUBMITTED
  r7_n2_d6 YP57mQ6o SF 4.17 tS 2.7 status UNSUBMITTED
  s10_grp_pw 2rOlGd9Z SF 4.43 tS 2.75 status UNSUBMITTED
  s1_np06 XgW7aK6m SF 4.04 tS 1.94 status UNSUBMITTED
  s5_xo06 QP3706eK SF 4.15 tS 2.38 status UNSUBMITTED
  s8_grp_xo P0Z75k3q SF 4.32 tS 2.57 status UNSUBMITTED
  t1_d0_grp_xo 1YxwGxER SF 4.46 tS 2.68 status UNSUBMITTED
  u8_dec20 YP5789eR SF 4.65 tS 2.3 status UNSUBMITTED
  w100_a ZY0vk2wx SF 4.49 tS 1.93 status UNSUBMITTED
  w100_b A108qgaY SF 5.47 tS 3.36 status UNSUBMITTED
  w100_c wpYkX9Rx SF 5.47 tS 3.39 status UNSUBMITTED
  w100_e LL9YOo8a SF 5.55 tS 3.52 status UNSUBMITTED
  w100_g xAYpXZWq SF 5.6 tS 3.07 status UNSUBMITTED
  w100_h e79Z8AkN SF 5.37 tS 3.05 status UNSUBMITTED
  w100_j j23KlL3o SF 5.03 tS 2.7 status UNSUBMITTED
  w101_e P0ZmX82J SF 5.56 tS 3.71 status UNSUBMITTED
  w101_g MP1NKOXM SF 4.48 tS 2.63 status UNSUBMITTED
  w102_a A108gEJw SF 5.53 tS 3.71 status UNSUBMITTED
  w102_b KPOMXQWE SF 5.55 tS 3.75 status UNSUBMITTED
  w102_c QP3pnmO5 SF 5.56 tS 3.72 status UNSUBMITTED
  w102_d O0rXnEa1 SF 5.52 tS 3.75 status UNSUBMITTED
  w102_e qMWJnAQK SF 5.39 tS 3.35 status UNSUBMITTED
  w102_f gJQVm9KQ SF 5.53 tS 3.72 status UNSUBMITTED
  w102_g 58QdLeKM SF 5.56 tS 3.71 status UNSUBMITTED
  w102_h rK5Mb8Za SF 5.06 tS 3.16 status UNSUBMITTED
  w103_g LL9YRO2e SF 5.32 tS 3.66 status UNSUBMITTED
  w105_i xAYp7Ojn SF 4.84 tS 2.57 status UNSUBMITTED
  w105_j KPOMAjvz SF 4.13 tS 2.48 status UNSUBMITTED
  w105_k vRkX7z83 SF 4.86 tS 2.45 status UNSUBMITTED
  w106_a Vk6bQrQ8 SF 4.42 tS 1.42 status UNSUBMITTED
  w106_b blR10el6 SF 4.77 tS 2.28 status UNSUBMITTED
  w106_c 78ZR5Vpb SF 4.55 tS 1.7 status UNSUBMITTED
  w106_d xAYpLX0b SF 4.83 tS 2.61 status UNSUBMITTED
  w106_e vRkXEl9d SF 4.57 tS 1.77 status UNSUBMITTED
  w106_f 3q9vKRdz SF 4.9 tS 2.39 status UNSUBMITTED
  w106_g JjxJAWYl SF 4.14 tS 2.33 status UNSUBMITTED
  w106_h 0mR2VNQ8 SF 4.76 tS 1.77 status UNSUBMITTED
  w107_f vRk7mlzb SF 4.79 tS 3.74 status UNSUBMITTED
  w108_a npKGg92d SF 4.09 tS 3.02 status UNSUBMITTED
  w108_f 9qV5wdOx SF 4.66 tS 2.52 status UNSUBMITTED
  w109_a P0ZL37rq SF 4.31 tS 2.83 status UNSUBMITTED
  w109_b YP530vzR SF 4.17 tS 3.23 status UNSUBMITTED
  w109_c RRVx896n SF 4.39 tS 2.05 status UNSUBMITTED
  w109_d 58QKOAgJ SF 4.43 tS 2.07 status UNSUBMITTED
  w109_g GrdjepNP SF 4.4 tS 1.41 status UNSUBMITTED
  w109_h LL9odxav SF 4.5 tS 2.01 status UNSUBMITTED
  w109_l d5OJRQ9g SF 4.11 tS 1.39 status UNSUBMITTED
  w110_a E5vne9bR SF 4.17 tS 2.11 status UNSUBMITTED
  w110_b 58QKkXKo SF 4.5 tS 2.34 status UNSUBMITTED
  w110_c E5vnGJjK SF 4.24 tS 2.93 status UNSUBMITTED
  w110_d xAY7Ngjm SF 4.47 tS 3.09 status UNSUBMITTED
  w110_e npKGNnbE SF 4.14 tS 3.38 status UNSUBMITTED
  w110_h blR0Q6oZ SF 4.22 tS 1.57 status UNSUBMITTED
  w110_i kqVpP8Yd SF 4.48 tS 1.64 status UNSUBMITTED
  w111_d 1Yx3wgqk SF 4.28 tS 2.41 status UNSUBMITTED
  w111_f le8wjM3n SF 4.5 tS 1.73 status UNSUBMITTED
  w111_h N1QE73Zo SF 4.36 tS 2.22 status UNSUBMITTED
  w111_j 78ZPZWM5 SF 4.15 tS 2.92 status UNSUBMITTED
  w112_a KPOAOXEE SF 4.31 tS 1.52 status UNSUBMITTED
  w112_f WjPrPL0G SF 4.44 tS 2.42 status UNSUBMITTED
  w112_g xAY7YbKp SF 4.26 tS 2.11 status UNSUBMITTED
  w112_h mLgnglzE SF 4.85 tS 2.19 status UNSUBMITTED
  w112_j akLmLgGx SF 4.58 tS 1.9 status UNSUBMITTED
  w114_b P0ZLAN9J SF 4.61 tS 2.21 status UNSUBMITTED
  w114_c 78ZP2gj1 SF 4.81 tS 2.46 status UNSUBMITTED
  w114_d xAY7E9EJ SF 4.9 tS 2.7 status UNSUBMITTED
  w114_e zqY7L5No SF 4.76 tS 2.3 status UNSUBMITTED
  w114_f xAY7Ek1m SF 4.15 tS 2.0 status UNSUBMITTED
  w114_g mLgnlgo9 SF 4.0 tS 2.78 status UNSUBMITTED
  w114_h MP1v2gGn SF 4.9 tS 2.4 status UNSUBMITTED
  w114_i ZY0V1zqY SF 4.68 tS 2.29 status UNSUBMITTED
  w114_j 0mRZLbvr SF 4.78 tS 2.26 status UNSUBMITTED
  w114_k kqVpMxKl SF 4.67 tS 2.31 status UNSUBMITTED
  w114_m om6jX2Xn SF 4.13 tS 2.33 status UNSUBMITTED
  w114_n O0rdjnrv SF 4.62 tS 2.0 status UNSUBMITTED
  w114_o om6jXVml SF 5.32 tS 2.73 status UNSUBMITTED
  w115_c xAY7oGrn SF 4.36 tS 1.91 status UNSUBMITTED
  w115_e d5OJrkww SF 4.51 tS 1.69 status UNSUBMITTED
  w115_f d5OJrkmY SF 4.09 tS 2.14 status UNSUBMITTED
  w115_k XgWZApl8 SF 4.47 tS 3.42 status UNSUBMITTED
  w115_l Grdj5G8o SF 4.76 tS 4.02 status UNSUBMITTED
  w116_b KPOAM5xk SF 4.63 tS 2.02 status UNSUBMITTED
  w116_c P0ZLmLMp SF 4.98 tS 2.34 status UNSUBMITTED
  w116_f j23kkmdW SF 4.87 tS 2.15 status UNSUBMITTED
  w116_g RRVxxkoo SF 4.99 tS 2.6 status UNSUBMITTED
  w116_h MP1vv5Ea SF 4.63 tS 1.85 status UNSUBMITTED
  w116_i xAY77jLb SF 4.87 tS 2.07 status UNSUBMITTED
  w116_j d5OJJb2g SF 4.04 tS 1.69 status UNSUBMITTED
  w116_k 9qV558ae SF 4.71 tS 1.92 status UNSUBMITTED
  w116_l KPOAAz2x SF 4.26 tS 1.74 status UNSUBMITTED
  w116_m j23kkkKj SF 4.66 tS 2.1 status UNSUBMITTED
  w118_a d5OM2KXE SF 4.41 tS 2.06 status UNSUBMITTED
  w118_b KPOoKzqk SF 4.84 tS 2.4 status UNSUBMITTED
  w118_d YP5VjRzJ SF 4.41 tS 2.21 status UNSUBMITTED
  w118_e 3q9Kqr7e SF 4.21 tS 2.18 status UNSUBMITTED
  w118_f xAYLAgOW SF 4.3 tS 1.77 status UNSUBMITTED
  w118_g E5vj5YdL SF 4.95 tS 2.38 status UNSUBMITTED
  w118_i d5OM5QdJ SF 4.15 tS 1.48 status UNSUBMITTED
  w118_j gJQlJjbg SF 4.48 tS 2.49 status UNSUBMITTED
  w118_k pwP2wkkV SF 4.58 tS 2.19 status UNSUBMITTED
  w118_n 9qVeq3ld SF 4.09 tS 1.77 status UNSUBMITTED
  w119_a RRVOj2G1 SF 4.04 tS 1.93 status UNSUBMITTED
  w119_b akL0jNj1 SF 4.28 tS 2.95 status UNSUBMITTED
  w119_c WjPZ1PpP SF 4.44 tS 2.63 status UNSUBMITTED
  w119_d ZY08P0nQ SF 4.74 tS 2.12 status UNSUBMITTED
  w119_f blRmGJ9r SF 4.88 tS 2.69 status UNSUBMITTED
  w119_i j23pv2ej SF 4.54 tS 2.47 status UNSUBMITTED
  w119_j O0rLOajJ SF 4.7 tS 2.06 status UNSUBMITTED
  w119_k Grd2PVd0 SF 4.66 tS 2.16 status UNSUBMITTED
  w119_l npKj9Orw SF 4.75 tS 2.4 status UNSUBMITTED
  w120_r MP1rjMj9 SF 4.36 tS 2.08 status UNSUBMITTED
  w121_b N1QZX9mq SF 4.97 tS 2.73 status UNSUBMITTED
  w121_c 58QXZ7eX SF 4.64 tS 2.46 status UNSUBMITTED
  w121_d 3q9NMgk6 SF 5.3 tS 2.26 status UNSUBMITTED
  w121_e 883wm6LV SF 4.05 tS 2.83 status UNSUBMITTED
  w121_f j23759X5 SF 4.13 tS 1.53 status UNSUBMITTED
  w121_g 3q9NME20 SF 4.43 tS 1.99 status UNSUBMITTED
  w121_h j2375g8Z SF 4.08 tS 1.82 status UNSUBMITTED
  w121_i Jjx9VOze SF 4.25 tS 1.99 status UNSUBMITTED
  w122_b 883wqwVX SF 4.87 tS 2.24 status UNSUBMITTED
  w122_c KPO1elgN SF 4.63 tS 2.03 status UNSUBMITTED
  w122_d le8mxdn7 SF 4.4 tS 2.56 status UNSUBMITTED
  w122_e mLgvO9wp SF 4.4 tS 2.56 status UNSUBMITTED
  w122_j LL9Qekxa SF 4.33 tS 2.65 status UNSUBMITTED
  w122_k O0r3epMg SF 5.02 tS 2.7 status UNSUBMITTED
  w124_e 6XrkW6R5 SF 4.28 tS 2.78 status UNSUBMITTED
  w125_a blRe65g6 SF 4.13 tS 2.06 status UNSUBMITTED
  w125_c Vk6AxE1b SF 4.33 tS 3.01 status UNSUBMITTED
  w125_d j23qYr8O SF 4.13 tS 2.49 status UNSUBMITTED
  w125_f GrdZWbvO SF 4.18 tS 2.68 status UNSUBMITTED
  w125_g d5ONW3Kw SF 4.4 tS 2.56 status UNSUBMITTED
  w125_h 58QPEeOM SF 4.78 tS 2.4 status UNSUBMITTED
  w126_a E5pZ3p0L SF 4.4 tS 2.56 status UNSUBMITTED
  w126_b 58zZRz9k SF 4.4 tS 2.56 status UNSUBMITTED
  w126_c JjNVlJWW SF 4.4 tS 2.55 status UNSUBMITTED
  w126_d E5pZ3zEK SF 4.4 tS 2.55 status UNSUBMITTED
  w126_g P02JjJOx SF 4.53 tS 2.21 status UNSUBMITTED
  w126_h LLNPbLx6 SF 4.77 tS 2.82 status UNSUBMITTED
  w127_a KPNKY90N SF 4.4 tS 2.56 status UNSUBMITTED
  w131_h QPbPVOn5 SF 4.0 tS 1.48 status UNSUBMITTED
  w135_a O0N0GE6v SF 4.3 tS 1.49 status UNSUBMITTED
  w135_b 58z8poa1 SF 4.29 tS 1.35 status UNSUBMITTED
  w141_a rKOKjQP8 SF 4.11 tS 2.67 status UNSUBMITTED
  w145_a YPbP7YPo SF 4.01 tS 2.67 status UNSUBMITTED
  w145_f d5b5O2aw SF 4.01 tS 2.55 status UNSUBMITTED
  w146_b P020Z02E SF 4.47 tS 2.72 status UNSUBMITTED
  w146_c npdpKRMz SF 4.47 tS 3.12 status UNSUBMITTED
  w147_a QPbP3nwQ SF 4.14 tS 2.65 status UNSUBMITTED
  w147_b A1N10ObY SF 4.18 tS 2.81 status UNSUBMITTED
  w150_d zq8qYeOR SF 4.05 tS 1.41 status UNSUBMITTED
  w150_e omLm608J SF 4.15 tS 1.42 status UNSUBMITTED
  w152_a JjNjNmVA SF 4.0 tS 1.88 status UNSUBMITTED
  w152_c Xgbgb2Q1 SF 4.01 tS 1.96 status UNSUBMITTED
  w152_f 88j8jelq SF 4.33 tS 1.63 status UNSUBMITTED
  w152_g A1N1NGjY SF 4.06 tS 1.92 status UNSUBMITTED
  w154_a O0N0NAKv SF 4.0 tS 2.13 status UNSUBMITTED
  w154_b vRrRrA2d SF 4.01 tS 2.13 status UNSUBMITTED
  w154_e GrbrbxGP SF 4.06 tS 2.16 status UNSUBMITTED
  w154_f 1YXYX2WM SF 4.04 tS 2.07 status UNSUBMITTED
  w154_g 9qjqjO7r SF 4.02 tS 2.11 status UNSUBMITTED
  w154_h RRbR6Jjd SF 4.08 tS 2.2 status UNSUBMITTED
  w158_01 XgbgNwna SF 6.82 tS 2.07 status UNSUBMITTED
  w158_02 d5b59n6K SF 6.71 tS 2.0 status UNSUBMITTED
  w158_03 vRrRYmxa SF 6.71 tS 2.1 status UNSUBMITTED
  w158_04 qMxM5j1A SF 6.74 tS 2.15 status UNSUBMITTED
  w158_05 GrbrQbWZ SF 6.65 tS 2.24 status UNSUBMITTED
  w158_06 P020P5MM SF 6.43 tS 1.71 status UNSUBMITTED
  w158_07 blblxz5M SF 6.51 tS 1.91 status UNSUBMITTED
  w159_00 A1N1eOvd SF 5.94 tS 1.83 status UNSUBMITTED
  w159_02 E5p5NGzr SF 5.46 tS 1.36 status UNSUBMITTED
  w159_03 A1N1e7YW SF 5.45 tS 1.38 status UNSUBMITTED
  w159_04 E5p5NVkR SF 5.74 tS 2.12 status UNSUBMITTED
  w159_05 xA3AVvGw SF 5.65 tS 2.17 status UNSUBMITTED
  w159_06 d5b5YP8j SF 5.65 tS 2.02 status UNSUBMITTED
  w159_07 A1N1e5pd SF 5.43 tS 1.49 status UNSUBMITTED
  w160_00 omLmJvPl SF 5.57 tS 2.11 status UNSUBMITTED
  w161_00 A1N1mVMw SF 6.18 tS 2.37 status UNSUBMITTED
  w161_02 58z8eK91 SF 5.13 tS 1.62 status UNSUBMITTED
  w161_03 qMxMV8NA SF 5.68 tS 2.19 status UNSUBMITTED
  w161_04 N1a18988 SF 4.56 tS 2.12 status UNSUBMITTED
  w161_06 d5b5voEJ SF 5.56 tS 2.12 status UNSUBMITTED
  w161_08 MPaPVYpM SF 4.25 tS 2.12 status UNSUBMITTED
  w161_11 0mXmakR1 SF 4.01 tS 2.03 status UNSUBMITTED
  w162_00 mLmLW6E6 SF 6.05 tS 2.77 status UNSUBMITTED
  w162_01 6XjXLKAO SF 5.11 tS 1.51 status UNSUBMITTED
  w162_02 58z8dKZJ SF 4.92 tS 2.25 status UNSUBMITTED
  w162_03 QPbPpA8W SF 4.95 tS 2.28 status UNSUBMITTED
  w162_04 N1a1Ewqp SF 5.11 tS 1.73 status UNSUBMITTED
  w162_06 XgbgZLZX SF 5.81 tS 1.81 status UNSUBMITTED
  w162_07 88j8WlMl SF 4.32 tS 2.4 status UNSUBMITTED
  w162_09 LLNLvV82 SF 4.33 tS 2.19 status UNSUBMITTED
  w164_00 xA3ALQgw SF 5.43 tS 2.18 status UNSUBMITTED
  w164_01 Grbr2YO5 SF 5.31 tS 1.76 status UNSUBMITTED
  w164_02 MPaPEQGn SF 5.0 tS 3.09 status UNSUBMITTED
  w164_03 LLNLv7b9 SF 4.92 tS 1.37 status UNSUBMITTED
  w164_04 KPNPoMAz SF 5.86 tS 1.82 status UNSUBMITTED
  w164_05 9qjqeMn1 SF 5.11 tS 1.86 status UNSUBMITTED
  w164_06 6XjXk7nO SF 4.8 tS 2.47 status UNSUBMITTED
  w165_00 blblwneR SF 4.48 tS 2.4 status UNSUBMITTED
  w165_01 O0N0l8LR SF 4.86 tS 2.12 status UNSUBMITTED
  w165_02 1YXYrYLm SF 4.52 tS 1.59 status UNSUBMITTED
  w165_04 RRbRGr0o SF 4.99 tS 1.89 status UNSUBMITTED
  w165_08 O0NQ1mpd SF 4.22 tS 1.59 status UNSUBMITTED
  w166_00 9qjqNl1r SF 4.86 tS 2.5 status UNSUBMITTED
  w166_02 78N8e57v SF 4.65 tS 2.21 status UNSUBMITTED
  w182_01 1YXQJRoX SF 6.69 tS 3.13 status UNSUBMITTED
  w185_01 ZYbebzJY SF 6.22 tS 2.56 status UNSUBMITTED
  w185_05 akbqb5o6 SF 4.05 tS 1.45 status UNSUBMITTED
  w186_01 ZYbebzJY SF 6.22 tS 2.56 status UNSUBMITTED
  w187_01 N1avNAQL SF 5.67 tS 2.49 status UNSUBMITTED
  w188_01 Xgb59aRb SF 6.34 tS 3.25 status UNSUBMITTED
  w189_01 3qXZGMmO SF 6.49 tS 2.22 status UNSUBMITTED
  w191_01 JjNZ3Rbm SF 6.28 tS 2.71 status UNSUBMITTED
  w192_00 MPaod5Lk SF 6.17 tS 2.65 status UNSUBMITTED
  w193_00 VkagZle0 SF 6.47 tS 3.14 status UNSUBMITTED
  w194_01 P02dYZxM SF 5.29 tS 2.34 status UNSUBMITTED
  w196_00 gJbzZEav SF 5.69 tS 2.42 status UNSUBMITTED
  w196_02 XgbEJ6j5 SF 6.28 tS 2.63 status UNSUBMITTED
  w196_04 blbpYLb6 SF 5.38 tS 1.93 status UNSUBMITTED
  w196_08 9qjQWk3V SF 6.09 tS 2.7 status UNSUBMITTED
  w196_11 A1NdQ66l SF 4.0 tS 1.51 status UNSUBMITTED
  w196_12 78NVoqrx SF 5.58 tS 2.18 status UNSUBMITTED
  w196_15 JjNLPN6A SF 4.85 tS 1.61 status UNSUBMITTED
  w196_18 QPbdYR15 SF 5.83 tS 2.6 status UNSUBMITTED
  w197_00 Vkan1Ek5 SF 5.89 tS 2.93 status UNSUBMITTED
  w197_01 j2ALzgRZ SF 5.81 tS 2.76 status UNSUBMITTED
  w198_00 omL25ddl SF 5.07 tS 1.95 status UNSUBMITTED
  w198_01 LLNeav5m SF 4.8 tS 2.06 status UNSUBMITTED
  w198_02 JjNlZEmx SF 6.01 tS 2.85 status UNSUBMITTED
  w198_03 gJbvEzOO SF 4.68 tS 1.67 status UNSUBMITTED
  w198_04 npd0Mz0a SF 5.3 tS 2.82 status UNSUBMITTED
  w1_s8_rev3 blRjrZoq SF 4.5 tS 2.14 status UNSUBMITTED
  w200_00 levx9aQO SF 5.52 tS 2.29 status UNSUBMITTED
  w200_01 JjNl18px SF 5.44 tS 3.04 status UNSUBMITTED
  w200_02 78NOMo6b SF 5.55 tS 2.41 status UNSUBMITTED
  w200_03 gJbvdL0v SF 5.36 tS 2.15 status UNSUBMITTED
  w200_04 QPbegA9g SF 4.9 tS 2.13 status UNSUBMITTED
  w200_06 0mXo5bp1 SF 4.75 tS 1.99 status UNSUBMITTED
  w200_07 mLmOQwQX SF 4.55 tS 1.86 status UNSUBMITTED
  w203_00 88jgYXWl SF 4.58 tS 1.96 status UNSUBMITTED
  w203_01 omLQrron SF 4.41 tS 2.12 status UNSUBMITTED
  w203_02 9qjgmkA9 SF 4.4 tS 1.85 status UNSUBMITTED
  w203_04 9qjgmkA9 SF 4.4 tS 1.85 status UNSUBMITTED
  w203_05 RRb0P3Wz SF 4.19 tS 1.94 status UNSUBMITTED
  w203_07 d5bevljY SF 4.33 tS 1.95 status UNSUBMITTED
  w203_08 mLmeQrrE SF 4.25 tS 1.39 status UNSUBMITTED
  w203_11 0mXn5M8G SF 4.19 tS 1.94 status UNSUBMITTED
  w203_12 6XjgNr8p SF 4.25 tS 1.39 status UNSUBMITTED
  w203_19 88jg2beX SF 4.17 tS 2.06 status UNSUBMITTED
  w204_02 wpZXkMnd SF 4.35 tS 3.15 status UNSUBMITTED
  w204_11 E5poPnNR SF 4.29 tS 3.5 status UNSUBMITTED
  w204_13 KPNxA08l SF 4.03 tS 3.77 status UNSUBMITTED
  w206_01 0mXnJj5v SF 5.17 tS 3.47 status UNSUBMITTED
  w206_04 MPa9rEWo SF 5.12 tS 3.35 status UNSUBMITTED
  w206_05 1YX6MA0M SF 5.2 tS 3.53 status UNSUBMITTED
  w206_07 vRraW8Pw SF 5.06 tS 3.47 status UNSUBMITTED
  w206_08 blb7eZvM SF 5.03 tS 3.5 status UNSUBMITTED
  w27_ivstq_xrent d5O1Pz5j SF 4.61 tS 2.35 status UNSUBMITTED
  w27_lnoq_d12 LL9ZwVqe SF 4.07 tS 3.04 status UNSUBMITTED
  w27_lnoq_xrent j238M38O SF 4.63 tS 2.28 status UNSUBMITTED
  w2_s8_rev4 gJQjgO1Q SF 4.37 tS 2.05 status UNSUBMITTED
  w31_cimiiq YP5xPLNv SF 4.01 tS 3.08 status UNSUBMITTED
  w32_a 1Yxjkb0K SF 5.12 tS 1.56 status UNSUBMITTED
  w32_b LL95Va2M SF 5.36 tS 2.4 status UNSUBMITTED
  w32_c pwPvYJAX SF 4.75 tS 1.83 status UNSUBMITTED
  w32_d 0mRjO9dv SF 5.05 tS 2.15 status UNSUBMITTED
  w32_e A10Qjn3Q SF 4.19 tS 1.68 status UNSUBMITTED
  w32_h A10QjL3l SF 4.18 tS 2.15 status UNSUBMITTED
  w32_i ZY0mP96Y SF 4.81 tS 2.74 status UNSUBMITTED
  w32_j XgWRG68l SF 4.91 tS 2.09 status UNSUBMITTED
  w32_k O0rJObeJ SF 4.26 tS 1.77 status UNSUBMITTED
  w32_m 6XrA7rEG SF 5.25 tS 2.42 status UNSUBMITTED
  w34_l E5vVAoJK SF 4.68 tS 2.61 status UNSUBMITTED
  w34_o wpY9V9vY SF 5.12 tS 2.1 status UNSUBMITTED
  w35_l LL95Va2M SF 5.36 tS 2.4 status UNSUBMITTED
  w35_m om6oz6dl SF 5.36 tS 2.4 status UNSUBMITTED
  w35_n WjPLXObd SF 4.53 tS 2.5 status UNSUBMITTED
  w35_o LL95X8OM SF 5.1 tS 2.93 status UNSUBMITTED
  w36_a N1Qe50Mp SF 4.51 tS 1.98 status UNSUBMITTED
  w36_d zqYrJaxX SF 4.96 tS 1.42 status UNSUBMITTED
  w36_e 1Yxjnnvm SF 5.49 tS 1.71 status UNSUBMITTED
  w36_f MP105pX6 SF 5.54 tS 2.04 status UNSUBMITTED
  w37_j YP5l8n7A SF 4.45 tS 2.55 status UNSUBMITTED
  w37_k blRxJWpR SF 4.86 tS 1.86 status UNSUBMITTED
  w37_l P0ZPxpEM SF 4.08 tS 1.49 status UNSUBMITTED
  w38_e xAYl2K6b SF 4.67 tS 1.77 status UNSUBMITTED
  w38_g 3q9GkrAO SF 4.74 tS 2.16 status UNSUBMITTED
  w39_d qMW5YOWE SF 4.21 tS 1.65 status UNSUBMITTED
  w39_e mLgK0NVp SF 4.57 tS 1.41 status UNSUBMITTED
  w39_f 58QGA2QJ SF 4.5 tS 1.64 status UNSUBMITTED
  w39_g d5O9z2qx SF 4.45 tS 1.59 status UNSUBMITTED
  w39_h RRV5zJX0 SF 4.85 tS 1.35 status UNSUBMITTED
  w39_i om6PG5Pv SF 4.63 tS 2.04 status UNSUBMITTED
  w3_s8_d25 3q9lk3vP SF 4.52 tS 2.29 status UNSUBMITTED
  w40_e 78ZGmRV5 SF 4.92 tS 1.71 status UNSUBMITTED
  w41_a wpYNPJld SF 5.06 tS 1.78 status UNSUBMITTED
  w41_b 883GYlNo SF 4.84 tS 1.68 status UNSUBMITTED
  w41_c O0r6VZzJ SF 4.72 tS 1.99 status UNSUBMITTED
  w41_e le8g9an7 SF 4.95 tS 1.73 status UNSUBMITTED
  w41_f vRkY66xQ SF 4.92 tS 1.71 status UNSUBMITTED
  w42_a RRV5P0Yn SF 5.21 tS 1.91 status UNSUBMITTED
  w42_b vRkYPVZb SF 5.12 tS 1.82 status UNSUBMITTED
  w42_c kqV89LJd SF 4.98 tS 1.74 status UNSUBMITTED
  w42_d ZY0XNjnn SF 5.21 tS 1.91 status UNSUBMITTED
  w42_e 6XrGNe8L SF 4.81 tS 1.7 status UNSUBMITTED
  w42_f N1QK8ezq SF 4.98 tS 1.42 status UNSUBMITTED
  w43_a xAYl5pPJ SF 5.15 tS 1.87 status UNSUBMITTED
  w43_b 9qVGkOLx SF 5.14 tS 1.85 status UNSUBMITTED
  w43_c 883G25GW SF 5.1 tS 1.8 status UNSUBMITTED
  w43_d QP3WoPmp SF 5.12 tS 1.82 status UNSUBMITTED
  w43_e GrdQ7pmP SF 5.12 tS 1.82 status UNSUBMITTED
  w43_f j23VMQlj SF 4.87 tS 1.73 status UNSUBMITTED
  w43_g om6Pkzak SF 5.08 tS 1.48 status UNSUBMITTED
  w44_g d5O9POpx SF 5.18 tS 1.89 status UNSUBMITTED
  w48_a N1QLrPN7 SF 5.85 tS 2.12 status UNSUBMITTED
  w48_b YP58017J SF 5.27 tS 1.88 status UNSUBMITTED
  w48_c pwPxlG7j SF 5.03 tS 2.76 status UNSUBMITTED
  w48_d E5vNEL1K SF 5.4 tS 1.99 status UNSUBMITTED
  w48_e 2rO9LxgJ SF 4.88 tS 1.74 status UNSUBMITTED
  w48_i A10e7Zag SF 4.19 tS 2.49 status UNSUBMITTED
  w49_a om6RgVnE SF 5.25 tS 2.92 status UNSUBMITTED
  w49_b ZY0gKrlj SF 4.83 tS 3.08 status UNSUBMITTED
  w49_c pwPxKKk3 SF 5.0 tS 2.65 status UNSUBMITTED
  w49_d j23orrMk SF 5.95 tS 2.4 status UNSUBMITTED
  w49_e 78Z3n6lO SF 5.48 tS 1.97 status UNSUBMITTED
  w49_h blRJdJ6r SF 5.62 tS 2.54 status UNSUBMITTED
  w4_s8_t005 akL7QMQ1 SF 4.65 tS 2.3 status UNSUBMITTED
  w50_a ZY0gKO9j SF 5.29 tS 2.98 status UNSUBMITTED
  w50_b YP58geov SF 5.28 tS 3.03 status UNSUBMITTED
  w50_d P0ZxGdYK SF 5.15 tS 2.9 status UNSUBMITTED
  w50_e 0mRxpoEK SF 5.19 tS 2.79 status UNSUBMITTED
  w50_f Vk6ZGw35 SF 5.0 tS 2.94 status UNSUBMITTED
  w50_g xAYVNz8N SF 5.06 tS 3.0 status UNSUBMITTED
  w50_h j23o69dk SF 5.29 tS 2.98 status UNSUBMITTED
  w51_a KPOvGJRj SF 6.05 tS 2.48 status UNSUBMITTED
  w51_b vRkZN1gG SF 6.0 tS 2.52 status UNSUBMITTED
  w51_c vRkZNpEb SF 5.91 tS 2.56 status UNSUBMITTED
  w51_d vRkZNpGw SF 5.8 tS 2.52 status UNSUBMITTED
  w51_e QP3OGAG5 SF 5.24 tS 2.77 status UNSUBMITTED
  w51_f 58Qrp1q5 SF 4.97 tS 3.09 status UNSUBMITTED
  w51_g blRJQeGm SF 4.67 tS 3.06 status UNSUBMITTED
  w51_h LL9EG0bL SF 5.09 tS 2.84 status UNSUBMITTED
  w52_a d5OYjqdY SF 5.98 tS 2.42 status UNSUBMITTED
  w52_b ZY0g7q2d SF 5.84 tS 2.3 status UNSUBMITTED
  w52_c O0rR7mmR SF 5.91 tS 2.46 status UNSUBMITTED
  w52_d 78Z3jxx2 SF 5.91 tS 2.58 status UNSUBMITTED
  w52_e le8Ej0a8 SF 5.72 tS 2.42 status UNSUBMITTED
  w52_f le8Ej3kx SF 5.62 tS 2.69 status UNSUBMITTED
  w52_g kqVvjjnK SF 6.14 tS 2.53 status UNSUBMITTED
  w52_h qMWOjxW1 SF 5.82 tS 2.64 status UNSUBMITTED
  w53_a MP1d7Nvk SF 6.05 tS 2.57 status UNSUBMITTED
  w53_b 3q91lvxO SF 5.91 tS 2.64 status UNSUBMITTED
  w53_c wpY3Yxvd SF 6.19 tS 2.49 status UNSUBMITTED
  w53_d kqVvVxag SF 6.03 tS 2.32 status UNSUBMITTED
  w53_e 78Z3ZAe1 SF 6.04 tS 2.59 status UNSUBMITTED
  w53_f Vk6Z6nmw SF 6.11 tS 2.43 status UNSUBMITTED
  w53_g 78Z3ZgrZ SF 6.06 tS 2.42 status UNSUBMITTED
  w53_h om6R6zo6 SF 5.77 tS 2.72 status UNSUBMITTED
  w54_a 58QrQzeM SF 5.96 tS 3.11 status UNSUBMITTED
  w54_b xAYVY3rw SF 5.53 tS 2.09 status UNSUBMITTED
  w54_c blRJRxvl SF 5.24 tS 2.6 status UNSUBMITTED
  w54_d A10e0LQY SF 6.15 tS 2.53 status UNSUBMITTED
  w54_e zqYgYexo SF 6.08 tS 2.51 status UNSUBMITTED
  w54_f JjxoxraA SF 5.94 tS 2.46 status UNSUBMITTED
  w54_g 78Z3Z5m5 SF 6.04 tS 2.65 status UNSUBMITTED
  w54_h qMWOWaE1 SF 6.14 tS 2.53 status UNSUBMITTED
  w55_a kqVvoRMP SF 6.05 tS 2.58 status UNSUBMITTED
  w55_b JjxoNKAj SF 6.01 tS 2.64 status UNSUBMITTED
  w55_c le8Evzp8 SF 5.68 tS 1.9 status UNSUBMITTED
  w55_d 2rO9wZvJ SF 5.57 tS 1.67 status UNSUBMITTED
  w55_e LL9ENRX2 SF 5.86 tS 2.22 status UNSUBMITTED
  w55_f RRV9brza SF 6.09 tS 2.38 status UNSUBMITTED
  w55_g gJQXb8bg SF 5.87 tS 2.72 status UNSUBMITTED
  w55_h Vk6Za7Lw SF 6.15 tS 2.54 status UNSUBMITTED
  w56_a YP58Mr5l SF 5.33 tS 1.61 status UNSUBMITTED
  w56_b d5OY1Xgv SF 5.04 tS 1.61 status UNSUBMITTED
  w56_c GrdXOVGP SF 4.87 tS 1.63 status UNSUBMITTED
  w56_d npKmP0Pd SF 4.65 tS 1.66 status UNSUBMITTED
  w56_e 3q91V61Z SF 5.57 tS 2.8 status UNSUBMITTED
  w56_f O0rR8mjg SF 5.04 tS 1.61 status UNSUBMITTED
  w56_g A10ev37X SF 5.19 tS 1.5 status UNSUBMITTED
  w56_h le8EKVK8 SF 5.47 tS 2.89 status UNSUBMITTED
  w57_a E5vNRQpR SF 5.4 tS 3.0 status UNSUBMITTED
  w57_b O0rR8WGv SF 5.26 tS 3.15 status UNSUBMITTED
  w57_c ZY0gAMW8 SF 5.09 tS 3.19 status UNSUBMITTED
  w57_d npKmPQO3 SF 5.4 tS 3.0 status UNSUBMITTED
  w57_e 2rO9mVR5 SF 5.2 tS 3.14 status UNSUBMITTED
  w57_g vRkZOKWd SF 5.26 tS 3.15 status UNSUBMITTED
  w57_h JjxoPMKl SF 5.3 tS 3.16 status UNSUBMITTED
  w58_a E5vNVa2L SF 4.61 tS 3.88 status UNSUBMITTED
  w58_b xAYV1mnp SF 4.23 tS 3.83 status UNSUBMITTED
  w58_d vRkZOLP3 SF 4.72 tS 3.78 status UNSUBMITTED
  w58_e 883VvlzX SF 4.25 tS 3.6 status UNSUBMITTED
  w58_g vRkZO1qw SF 4.23 tS 3.82 status UNSUBMITTED
  w59_g j23oY0Mo SF 4.98 tS 4.01 status UNSUBMITTED
  w59_h 6XrZdlOK SF 5.01 tS 3.44 status UNSUBMITTED
  w5_s8_ind zqYk25AG SF 4.72 tS 2.55 status UNSUBMITTED
  w60_c RRV9Ewa1 SF 4.22 tS 3.39 status UNSUBMITTED
  w60_e LL9EMQv6 SF 5.0 tS 3.4 status UNSUBMITTED
  w60_f A10exRzR SF 4.14 tS 3.39 status UNSUBMITTED
  w60_g rK597g61 SF 4.44 tS 3.06 status UNSUBMITTED
  w62_e zqY2qQqK SF 4.13 tS 3.55 status UNSUBMITTED
  w62_f rK5NKRYd SF 4.39 tS 3.79 status UNSUBMITTED
  w62_h ZY0dPjv1 SF 5.02 tS 3.57 status UNSUBMITTED
  w63_c 3q9kLnGN SF 4.64 tS 2.24 status UNSUBMITTED
  w63_f gJQgpgGM SF 4.1 tS 3.5 status UNSUBMITTED
  w64_e 883EgXQV SF 4.39 tS 2.74 status UNSUBMITTED
  w64_f le856bwO SF 4.29 tS 2.9 status UNSUBMITTED
  w64_g xAY2ww1n SF 4.9 tS 3.68 status UNSUBMITTED
  w65_a O0rMq0Wv SF 4.35 tS 2.29 status UNSUBMITTED
  w65_b rK5NEp6j SF 4.41 tS 2.75 status UNSUBMITTED
  w65_c P0ZYqrqE SF 4.42 tS 2.99 status UNSUBMITTED
  w65_d zqY2QQa8 SF 4.36 tS 2.33 status UNSUBMITTED
  w65_e gJQgwb7v SF 4.41 tS 2.77 status UNSUBMITTED
  w65_f vRkpxElz SF 4.34 tS 1.96 status UNSUBMITTED
  w65_g vRkp90Jw SF 4.16 tS 3.25 status UNSUBMITTED
  w65_h Vk6mEdg0 SF 4.26 tS 2.47 status UNSUBMITTED
  w66_a RRVldAAe SF 4.57 tS 3.35 status UNSUBMITTED
  w66_b 3q9kzjxN SF 4.12 tS 2.78 status UNSUBMITTED
  w66_d zqY2Wqkd SF 4.11 tS 3.08 status UNSUBMITTED
  w66_e A10r3d5d SF 4.2 tS 2.73 status UNSUBMITTED
  w66_f LL9mR9LM SF 4.58 tS 2.94 status UNSUBMITTED
  w67_a vRkp2VRv SF 4.24 tS 1.89 status UNSUBMITTED
  w67_b d5O31wJw SF 4.37 tS 2.41 status UNSUBMITTED
  w67_d O0rM8nNY SF 4.51 tS 3.13 status UNSUBMITTED
  w67_e XgWvJ9Na SF 4.36 tS 2.47 status UNSUBMITTED
  w67_f KPO5mKO1 SF 4.13 tS 2.44 status UNSUBMITTED
  w68_a 9qVdGqg1 SF 4.36 tS 2.41 status UNSUBMITTED
  w68_d Vk6mMEe5 SF 4.09 tS 2.43 status UNSUBMITTED
  w68_f MP1egvq6 SF 4.72 tS 1.83 status UNSUBMITTED
  w68_h KPO5vmEg SF 4.31 tS 2.22 status UNSUBMITTED
  w69_a rK5NGW0d SF 4.01 tS 2.1 status UNSUBMITTED
  w69_b 3q9kPP1Q SF 4.33 tS 2.66 status UNSUBMITTED
  w69_f om6JrlxJ SF 4.09 tS 2.35 status UNSUBMITTED
  w6_s10_d20 A10lrkJl SF 4.11 tS 2.65 status UNSUBMITTED
  w71_c e79VZ1rd SF 4.09 tS 1.78 status UNSUBMITTED
  w71_d E5v8P8AJ SF 4.6 tS 2.42 status UNSUBMITTED
  w74_b mLgQjWEX SF 4.33 tS 1.47 status UNSUBMITTED
  w74_c blRARE9K SF 4.33 tS 3.24 status UNSUBMITTED
  w74_d mLgQg35X SF 4.57 tS 1.93 status UNSUBMITTED
  w74_e 883X3K2X SF 4.55 tS 3.79 status UNSUBMITTED
  w74_g e79E997g SF 4.55 tS 3.72 status UNSUBMITTED
  w74_h rK585G9E SF 4.4 tS 1.72 status UNSUBMITTED
  w74_i akLGLQL9 SF 4.28 tS 2.89 status UNSUBMITTED
  w76_b P0ZKMapL SF 4.32 tS 1.94 status UNSUBMITTED
  w76_f mLgQYaVK SF 4.26 tS 1.52 status UNSUBMITTED
  w76_g qMWVEYzP SF 4.22 tS 2.48 status UNSUBMITTED
  w76_h 78ZloP9L SF 4.48 tS 1.89 status UNSUBMITTED
  w76_i e79E6jjl SF 4.46 tS 1.92 status UNSUBMITTED
  w76_j 2rOeAzk8 SF 4.32 tS 2.84 status UNSUBMITTED
  w77_b LL93MEbe SF 4.14 tS 1.96 status UNSUBMITTED
  w77_c rK58Rx8E SF 4.26 tS 1.92 status UNSUBMITTED
  w77_d d5OvWMlx SF 4.28 tS 1.9 status UNSUBMITTED
  w77_e A10ExKrd SF 4.49 tS 1.96 status UNSUBMITTED
  w77_f akLGaMox SF 4.43 tS 1.79 status UNSUBMITTED
  w77_h d5Ova1gE SF 4.25 tS 1.49 status UNSUBMITTED
  w77_i LL93K5JL SF 4.22 tS 1.81 status UNSUBMITTED
  w77_j 78ZlYlxO SF 4.02 tS 1.29 status UNSUBMITTED
  w78_b KPOZV9Gz SF 4.65 tS 1.45 status UNSUBMITTED
  w78_c YP5YllvM SF 4.52 tS 2.1 status UNSUBMITTED
  w78_d XgWMNaO5 SF 4.16 tS 1.52 status UNSUBMITTED
  w78_f om6ZPxmk SF 4.16 tS 1.46 status UNSUBMITTED
  w78_g MP1VdqRk SF 4.18 tS 1.71 status UNSUBMITTED
  w78_h 1Yx0O5rJ SF 4.56 tS 1.35 status UNSUBMITTED
  w78_i kqV9v3dP SF 4.41 tS 1.81 status UNSUBMITTED
  w79_a xAY5pxng SF 4.09 tS 1.3 status UNSUBMITTED
  w79_b E5vxPwjL SF 4.56 tS 1.78 status UNSUBMITTED
  w79_c xAY5plkN SF 4.55 tS 1.52 status UNSUBMITTED
  w79_f A10EXj1Y SF 4.11 tS 1.37 status UNSUBMITTED
  w79_g e79EMRYM SF 4.12 tS 1.72 status UNSUBMITTED
  w79_i xAY57eRn SF 4.22 tS 1.6 status UNSUBMITTED
  w80_b kqVYEqKg SF 4.01 tS 1.26 status UNSUBMITTED
  w80_c WjPx1mjd SF 4.09 tS 1.46 status UNSUBMITTED
  w80_h gJQ0k0V0 SF 4.17 tS 1.7 status UNSUBMITTED
  w82_a YP59AEKW SF 4.11 tS 1.25 status UNSUBMITTED
  w82_d zqYL9ZJd SF 4.32 tS 1.85 status UNSUBMITTED
  w83_b A102woAW SF 4.27 tS 1.94 status UNSUBMITTED
  w83_e blRKqE26 SF 4.41 tS 1.89 status UNSUBMITTED
  w83_g YP5900Qq SF 4.91 tS 1.79 status UNSUBMITTED
  w85_d mLgl5Rkx SF 4.7 tS 1.57 status UNSUBMITTED
  w85_e om6kN2Ym SF 4.05 tS 1.55 status UNSUBMITTED
  w85_f 1Yx2pLpK SF 4.07 tS 1.85 status UNSUBMITTED
  w85_g npKXNnRM SF 4.14 tS 2.31 status UNSUBMITTED
  w85_h wpYvaEZp SF 4.3 tS 1.77 status UNSUBMITTED
  w86_h RRVv7mXj SF 4.08 tS 1.57 status UNSUBMITTED
  w87_a Jjx27rMn SF 4.49 tS 1.51 status UNSUBMITTED
  w87_b kqVYj9X6 SF 4.25 tS 1.44 status UNSUBMITTED
  w87_d Grd7dq80 SF 4.24 tS 1.43 status UNSUBMITTED
  w87_g 1Yx2xnZJ SF 4.79 tS 1.64 status UNSUBMITTED
  w87_h xAYEYdRq SF 4.32 tS 1.43 status UNSUBMITTED
  w88_f xAYE3mjg SF 4.11 tS 1.38 status UNSUBMITTED
  w91_d qMWpGw3Z SF 4.54 tS 1.36 status UNSUBMITTED
  w91_f kqVMGzQ8 SF 4.25 tS 1.44 status UNSUBMITTED
  w91_g mLgN7EYp SF 4.49 tS 1.51 status UNSUBMITTED
  w92_a akL8wRoR SF 4.61 tS 2.14 status UNSUBMITTED
  w92_b RRVoK5ea SF 4.82 tS 2.38 status UNSUBMITTED
  w94_c N1QG2wgq SF 5.82 tS 2.75 status UNSUBMITTED
  w94_d akL8gY01 SF 5.69 tS 3.29 status UNSUBMITTED
  w94_e xAYoEXvm SF 5.89 tS 2.53 status UNSUBMITTED
  w94_f QP3Aom95 SF 5.6 tS 2.86 status UNSUBMITTED
  w94_g Vk6LRYAY SF 4.82 tS 2.26 status UNSUBMITTED
  w94_h e79PWqMg SF 5.33 tS 2.16 status UNSUBMITTED
  w94_j O0rj2Zw1 SF 5.85 tS 2.75 status UNSUBMITTED
  w95_a E5vM2QN1 SF 5.61 tS 3.62 status UNSUBMITTED
  w95_b WjPRxY7x SF 5.8 tS 2.97 status UNSUBMITTED
  w95_c kqVMYO86 SF 5.69 tS 3.29 status UNSUBMITTED
  w95_d d5O6PPXK SF 5.43 tS 2.89 status UNSUBMITTED
  w95_e d5O6PMAJ SF 5.67 tS 3.31 status UNSUBMITTED
  w95_f rK5wnZ6E SF 5.56 tS 3.38 status UNSUBMITTED
  w96_a 6XrLnJq5 SF 5.61 tS 3.63 status UNSUBMITTED
  w96_b A108RmPW SF 5.59 tS 3.66 status UNSUBMITTED
  w96_c A1081j6E SF 4.35 tS 3.04 status UNSUBMITTED
  w96_d WjP2jMrd SF 4.63 tS 2.27 status UNSUBMITTED
  w96_e 1YxAYVvK SF 5.23 tS 3.18 status UNSUBMITTED
  w96_g rK5MKJoJ SF 5.17 tS 3.45 status UNSUBMITTED
  w96_i blR1lQEN SF 5.61 tS 3.62 status UNSUBMITTED
  w96_j 0mR2mjNp SF 5.36 tS 3.19 status UNSUBMITTED
  w97_b vRkXww9G SF 5.61 tS 3.62 status UNSUBMITTED
  w97_c xAYpO9qn SF 5.6 tS 3.54 status UNSUBMITTED
  w97_d QP3pZlqr SF 5.4 tS 3.52 status UNSUBMITTED
  w97_e KPOMlEbE SF 4.75 tS 3.07 status UNSUBMITTED
  w97_f vRkXwvNA SF 5.88 tS 2.62 status UNSUBMITTED
  w97_g E5vPOze9 SF 5.61 tS 3.62 status UNSUBMITTED
  w97_h mLgWwdEK SF 5.39 tS 3.36 status UNSUBMITTED
  w97_j mLgWpLQx SF 5.56 tS 3.23 status UNSUBMITTED
  w99_i YP5oZYxR SF 5.18 tS 3.55 status UNSUBMITTED
  x162_w162_03_MAR 58znNN8o SF 4.68 tS 1.8 status UNSUBMITTED
  x162_w162_03_SEC kqoEeY8P SF 4.77 tS 1.93 status UNSUBMITTED
  x162_w162_06_SEC wpZKwnv2 SF 5.35 tS 1.29 status UNSUBMITTED
  x162_w162_07_MAR zq8KwmA8 SF 4.0 tS 1.67 status UNSUBMITTED
  x162_w164_00_MAR 1YXkV3l6 SF 4.6 tS 1.6 status UNSUBMITTED
  x162_w164_00_SEC xA3O90dJ SF 5.14 tS 1.98 status UNSUBMITTED
  x162_w164_04_MAR pwRYz9pg SF 4.95 tS 1.41 status UNSUBMITTED
  x162_w164_04_SEC pwRY1Ako SF 5.66 tS 1.64 status UNSUBMITTED
  x162_w165_00_SEC QPbZ5pZW SF 4.16 tS 1.55 status UNSUBMITTED
  x162_w165_01_SEC N1ax6O5p SF 4.58 tS 1.7 status UNSUBMITTED
  x162_w165_04_MAR 9qjZ9o3q SF 4.04 tS 1.28 status UNSUBMITTED
  x162_w165_04_SEC 1YXko7MM SF 4.32 tS 1.25 status UNSUBMITTED
  x163_w27lnoqxrent_MAR vRrwaX7z SF 4.15 tS 1.28 status UNSUBMITTED
  x164_w16402_SEC rKOpExXE SF 4.96 tS 2.21 status UNSUBMITTED
  x164_w16501_SEC N1ax6O5p SF 4.58 tS 1.7 status UNSUBMITTED
  x164_w16602_SEC mLmwAnW5 SF 4.82 tS 2.16 status UNSUBMITTED
  x167_A1_swap_ret10 Grb1k8P3 SF 4.47 tS 1.62 status UNSUBMITTED
  x170_P1_a1_turndist akbjOzwv SF 4.28 tS 1.52 status UNSUBMITTED
  x170_P3_aol2_sales 6XjmE5vL SF 4.46 tS 1.54 status UNSUBMITTED
  x170_P4_accr_sales akbjdMpv SF 4.01 tS 1.54 status UNSUBMITTED
  x170_P6_b0_overnite 9qjZwJWr SF 4.08 tS 1.29 status UNSUBMITTED
  x172_w164_00_INTRA E5pOemEm SF 5.47 tS 2.42 status UNSUBMITTED
  x172_w164_01_TURND Xgbm8EGz SF 4.91 tS 1.62 status UNSUBMITTED
  x172_w164_02_INTRA A1Nj7wYe SF 5.21 tS 3.51 status UNSUBMITTED
  x172_w164_03_OVN LLNVdxl9 SF 5.0 tS 1.4 status UNSUBMITTED
  x172_w164_04_OVN mLmwVok6 SF 5.88 tS 1.83 status UNSUBMITTED
  x172_w164_05_TURND O0NQxp71 SF 4.82 tS 1.74 status UNSUBMITTED
  x172_w164_06_TURND gJbk9V1K SF 4.98 tS 2.43 status UNSUBMITTED
  x172_w165_01_OVN A1NjP9Vl SF 4.98 tS 2.13 status UNSUBMITTED
  x172_w165_02_INTRA 1YXkd8vk SF 4.74 tS 1.93 status UNSUBMITTED
  x172_w165_04_TURND 1YXkdgqK SF 4.56 tS 1.73 status UNSUBMITTED
  x172_w166_00_INTRA 88j5Qwem SF 4.88 tS 3.0 status UNSUBMITTED
  x172_w166_02_OVN omL8lP5n SF 4.79 tS 2.23 status UNSUBMITTED
  x174_m161_e79PvPpE_AMIINT ZYbPbXj1 SF 5.37 tS 1.6 status UNSUBMITTED
  x174_m161_e79PvPpE_OTMAMI YPbLbleq SF 4.89 tS 1.4 status UNSUBMITTED
  x174_m161_e79PvPpE_OTMINT O0NQNMXg SF 4.85 tS 1.51 status UNSUBMITTED
  x174_w125_d_AMIINT j2Az8n0E SF 5.04 tS 2.41 status UNSUBMITTED
  x174_w164_02_AMIINT QPbZbQ8G SF 5.51 tS 3.2 status UNSUBMITTED
  x174_w164_02_OTMAMI blbGbLjZ SF 4.94 tS 2.68 status UNSUBMITTED
  x174_w164_02_OTMINT 6Xjmjr7G SF 4.68 tS 3.15 status UNSUBMITTED
  x174_w164_05_AMIINT 9qjZWLGd SF 5.76 tS 2.29 status UNSUBMITTED
  x174_w164_05_OTMAMI Grb1OJdZ SF 4.83 tS 1.82 status UNSUBMITTED
  x174_w164_05_OTMINT omL8WOW2 SF 4.37 tS 1.86 status UNSUBMITTED
  x174_w165_01_AMIINT omL8L13E SF 5.65 tS 2.61 status UNSUBMITTED
  x174_w165_01_OTMAMI E5pOv9o9 SF 5.08 tS 2.25 status UNSUBMITTED
  x174_w165_01_OTMINT JjNMNwal SF 4.54 tS 2.28 status UNSUBMITTED
  x174_x172_w164_01_TURND_AMIINT 0mXOXoQr SF 5.7 tS 2.08 status UNSUBMITTED
  x174_x172_w164_01_TURND_OTMAMI levpvxZn SF 4.99 tS 1.55 status UNSUBMITTED
  x174_x172_w164_01_TURND_OTMINT qMx9xzgO SF 4.53 tS 1.71 status UNSUBMITTED
  x174_x172_w164_02_INTRA_AMICOV 78N7N5Q2 SF 5.69 tS 3.33 status UNSUBMITTED
  x174_x172_w164_02_INTRA_OTMAMI levpvnql SF 5.08 tS 3.1 status UNSUBMITTED
  x174_x172_w164_02_INTRA_OTMCOV 9qjZjN6d SF 4.9 tS 3.32 status UNSUBMITTED
  x174_x172_w164_05_TURND_AMIINT d5bkOna2 SF 5.49 tS 2.15 status UNSUBMITTED
  x174_x172_w164_05_TURND_OTMAMI blbGRnAq SF 4.58 tS 1.7 status UNSUBMITTED
  x174_x172_w165_01_OVN_AMICOV Grb1d5m5 SF 5.76 tS 2.34 status UNSUBMITTED
  x174_x172_w165_01_OVN_AMIINT MPaM10LL SF 5.75 tS 2.61 status UNSUBMITTED
  x174_x172_w165_01_OVN_INTCOV xA3OY2rm SF 5.27 tS 2.4 status UNSUBMITTED
  x175_m161_0mR2K6lr_B xA3Ol9Mq SF 4.85 tS 1.51 status UNSUBMITTED
  x175_m161_0mR2K6lr_BIT mLmwKxOK SF 4.85 tS 1.48 status UNSUBMITTED
  x175_m161_0mR2K6lr_I d5bk9XRX SF 5.18 tS 1.63 status UNSUBMITTED
  x175_m161_e79PvPpE_B O0NQNMXg SF 4.85 tS 1.51 status UNSUBMITTED
  x175_m161_e79PvPpE_BIT 2rw8Ap9x SF 4.85 tS 1.48 status UNSUBMITTED
  x175_m161_e79PvPpE_I N1axN6Aw SF 5.2 tS 1.63 status UNSUBMITTED
  x175_w114_m_I 9qjZ8oZ2 SF 4.49 tS 1.86 status UNSUBMITTED
  x175_w125_c_I ZYbPXKbY SF 4.79 tS 2.94 status UNSUBMITTED
  x175_w125_d_I N1axP6w8 SF 4.59 tS 2.45 status UNSUBMITTED
  x175_w164_02_B 6Xjmjr7G SF 4.68 tS 3.15 status UNSUBMITTED
  x175_w164_02_BIT zq8K3p5G SF 4.56 tS 2.96 status UNSUBMITTED
  x175_w164_02_I A1Nj7wYe SF 5.21 tS 3.51 status UNSUBMITTED
  x175_w164_05_B omL8WOW2 SF 4.37 tS 1.86 status UNSUBMITTED
  x175_w164_05_BIT N1axPx7o SF 4.23 tS 1.79 status UNSUBMITTED
  x175_w164_05_I A1NjVEqR SF 5.14 tS 2.17 status UNSUBMITTED
  x175_w165_01_B JjNMNwal SF 4.54 tS 2.28 status UNSUBMITTED
  x175_w165_01_BIT 1YXkjwOk SF 4.39 tS 2.19 status UNSUBMITTED
  x175_w165_01_I levpMJ0x SF 5.03 tS 2.47 status UNSUBMITTED
  x175_w166_02_B Grb1mNqo SF 4.46 tS 2.33 status UNSUBMITTED
  x175_w166_02_BIT omL8Pm1J SF 4.39 tS 2.27 status UNSUBMITTED
  x175_w166_02_I wpZKoPa1 SF 4.79 tS 2.49 status UNSUBMITTED
  x175_x164_w16402_SEC_B rKOp08Rm SF 4.65 tS 2.39 status UNSUBMITTED
  x175_x164_w16402_SEC_BIT E5pON1bJ SF 4.54 tS 2.23 status UNSUBMITTED
  x175_x164_w16402_SEC_I qMx9526K SF 5.15 tS 2.66 status UNSUBMITTED
  x175_x172_w164_01_TURND_B qMx9xzgO SF 4.53 tS 1.71 status UNSUBMITTED
  x175_x172_w164_01_TURND_BIT LLNV5Ynn SF 4.14 tS 1.58 status UNSUBMITTED
  x175_x172_w164_01_TURND_I blbG88xm SF 5.14 tS 2.07 status UNSUBMITTED
  x175_x172_w164_05_TURND_I 2rw8m6bP SF 4.89 tS 2.06 status UNSUBMITTED
  x175_x172_w165_01_OVN_B RRbjAj0a SF 4.58 tS 2.26 status UNSUBMITTED
  x175_x172_w165_01_OVN_BIT gJbkWpLJ SF 4.43 tS 2.17 status UNSUBMITTED
  x175_x172_w165_01_OVN_I npdxPLxx SF 5.15 tS 2.48 status UNSUBMITTED
  x175_x172_w166_02_OVN_B Vka1Nar0 SF 4.54 tS 2.34 status UNSUBMITTED
  x175_x172_w166_02_OVN_BIT P02Q5oL7 SF 4.47 tS 2.28 status UNSUBMITTED
  x175_x172_w166_02_OVN_I 78N7Y15v SF 4.93 tS 2.52 status UNSUBMITTED
  x176_x175_m161_e79PvPpE_B_d22 QPbJr8g5 SF 4.45 tS 1.25 status UNSUBMITTED
  x176_x175_w166_02_BIT_d22 blbk2Ra6 SF 4.19 tS 1.83 status UNSUBMITTED
  x176_x175_w166_02_BIT_d32 2rw0qj7b SF 4.01 tS 1.71 status UNSUBMITTED
  x176_x175_w166_02_B_d22 mLm32026 SF 4.26 tS 1.88 status UNSUBMITTED
  x176_x175_w166_02_B_d32 LLNjbwKn SF 4.1 tS 1.77 status UNSUBMITTED
  x176_x175_w166_02_B_d44 Grba0jdJ SF 4.01 tS 1.73 status UNSUBMITTED
  x176_x175_x172_w166_02_OVN_BIT_d22 e7bp8Ozp SF 4.31 tS 1.86 status UNSUBMITTED
  x176_x175_x172_w166_02_OVN_BIT_d32 XgbrwqPz SF 4.13 tS 1.73 status UNSUBMITTED
  x176_x175_x172_w166_02_OVN_BIT_d44 Wjbqwk8j SF 4.03 tS 1.68 status UNSUBMITTED
  x176_x175_x172_w166_02_OVN_B_d22 KPN0YkXE SF 4.38 tS 1.91 status UNSUBMITTED
  x176_x175_x172_w166_02_OVN_B_d32 QPbJr31r SF 4.22 tS 1.79 status UNSUBMITTED
  x176_x175_x172_w166_02_OVN_B_d44 88jokpaW SF 4.11 tS 1.73 status UNSUBMITTED
  x179_x175w16402BIT_SEC E5pON1bJ SF 4.54 tS 2.23 status UNSUBMITTED
  x179_x175w16402B_SEC rKOp08Rm SF 4.65 tS 2.39 status UNSUBMITTED
  x179_x175w16402I_SEC qMx9526K SF 5.15 tS 2.66 status UNSUBMITTED
  x179_x175w16405B_SEC 9qj15Wgr SF 4.07 tS 1.31 status UNSUBMITTED
  x179_x175w16405I_SEC wpZxdRkv SF 4.77 tS 1.54 status UNSUBMITTED
  x179_x175w16501BIT_SEC pwRr2jVX SF 4.19 tS 1.77 status UNSUBMITTED
  x179_x175w16501B_SEC P02aRpRK SF 4.32 tS 1.85 status UNSUBMITTED
  x179_x175w16501I_SEC mLmRGon1 SF 4.78 tS 2.04 status UNSUBMITTED
  x179_x175w16602BIT_SEC e7bwYVRz SF 4.56 tS 2.22 status UNSUBMITTED
  x179_x175w16602B_SEC 9qj1eE52 SF 4.61 tS 2.28 status UNSUBMITTED
  x179_x175w16602I_SEC gJbOlLXv SF 4.95 tS 2.43 status UNSUBMITTED
  x179_x175x172w16401TURNDI_SEC O0NP30KR SF 4.32 tS 1.3 status UNSUBMITTED
  x179_x175x172w16405TURNDI_SEC A1NZA18W SF 4.56 tS 1.44 status UNSUBMITTED
  x179_x175x172w16501OVNBIT_SEC xA38ZX8b SF 4.26 tS 1.77 status UNSUBMITTED
  x179_x175x172w16501OVNB_SEC omL5dMal SF 4.37 tS 1.85 status UNSUBMITTED
  x179_x175x172w16501OVNI_SEC JjNE9lpW SF 4.91 tS 2.06 status UNSUBMITTED
  x179_x175x172w16602OVNBIT_SEC mLmRvZpX SF 4.65 tS 2.23 status UNSUBMITTED
  x179_x175x172w16602OVNB_SEC MPaRr8kr SF 4.71 tS 2.29 status UNSUBMITTED
  x179_x175x172w16602OVNI_SEC QPbk8ENr SF 5.08 tS 2.46 status UNSUBMITTED
  x196_w19612_MAR xA3MAKnJ SF 4.29 tS 2.02 status UNSUBMITTED
  x196_w19612_SEC mLmOPGap SF 5.08 tS 1.98 status UNSUBMITTED
  x7_s8_d30 Jjx7z0w2 SF 4.45 tS 2.32 status UNSUBMITTED
  y1_d35 d5Ojz1kK SF 4.38 tS 2.33 status UNSUBMITTED
  y3_t010 6Xrl0ZlL SF 4.46 tS 2.32 status UNSUBMITTED
  y4_t006 E5vlzNPJ SF 4.46 tS 2.32 status UNSUBMITTED
  y5_d0_d4 YP57z3wl SF 4.03 tS 2.21 status UNSUBMITTED
  y8_rev1_d30 1YxwPYoX SF 4.36 tS 2.18 status UNSUBMITTED
  z1_cfevcashxo vRkj6JqA SF 4.71 tS 1.96 status UNSUBMITTED
  z8_d4_xo_mix wpYjPko6 SF 4.79 tS 2.09 status UNSUBMITTED
