=== 对手 Sharpe（平台）===
  kqoq0zed S=2.02
  qMxzlLYK S=2.28
  e79PvPpE S=3.13
  6Xr2eQaJ S=2.27
  zq8jl99K S=2.68
  XgWnklXa S=2.44
  pgWnklXa S=None
  y5Z85Je9 S=None

=== 被 corr 挡掉的候选：Sharpe 提升重算 ===
  w218_s2 N1ajLwA7 S=2.29 vs kqoq0zed=2.02 +13.4% corr=0.7135 → ★可试(≥10%)
  w218_s d5b79j6K S=2.27 vs kqoq0zed=2.02 +12.4% corr=0.7117 → ★可试(≥10%)
  w218_u1 e7b2VgaO S=2.18 vs kqoq0zed=2.02 +7.9% corr=0.713 → 接近(5~10%)
  w215_d1 KPN891vx S=2.17 vs kqoq0zed=2.02 +7.4% corr=0.7153 → 接近(5~10%)
  w218_f 9qj6EOjx S=2.15 vs kqoq0zed=2.02 +6.4% corr=None → 接近(5~10%)
  w218_f2 rKOzRmWd S=2.15 vs kqoq0zed=2.02 +6.4% corr=None → 接近(5~10%)
  w215_h2 Xgbl8qZ1 S=2.14 vs kqoq0zed=2.02 +5.9% corr=0.93 → 接近(5~10%)
  w215_h1 vRrzvqEr S=2.12 vs kqoq0zed=2.02 +5.0% corr=0.93 → 不够
  w217_z5 P02l7dPJ S=2.33 vs qMxzlLYK=2.28 +2.2% corr=0.7591 → 不够
  w215_w54x 2rwZNnN8 S=2.49 vs XgWnklXa=2.44 +2.0% corr=0.7271 → 不够
  w218_m kqomajY6 S=2.28 vs qMxzlLYK=2.28 +0.0% corr=0.7622 → 不够
  w217_z4 1YXmw5YR S=2.21 vs qMxzlLYK=2.28 +-3.1% corr=0.7377 → 不够
  w216_d3 akbP1qwx S=2.13 vs qMxzlLYK=2.28 +-6.6% corr=0.8266 → 不够
  w218_p xA3zlPJw S=2.11 vs 6Xr2eQaJ=2.27 +-7.0% corr=0.7374 → 不够
  w218_s3 88j6G01o S=2.3 vs e79PvPpE=3.13 +-26.5% corr=0.7057 → 不够
  w215_w54y pwRzKnN3 S=2.22 vs pgWnklXa=None corr=0.6978 → 数据缺
