=== 池子低 Sharpe 成员（豁免线 1.1× 最低的区域）===
S=1.26 9qX8Nr6r: liabilities_curr/cap

S=1.27 QP3XalpK: group_rank(-(fnd6_newa2v1300_ni - cashflow_op)/assets, industry) + group_rank(-ts_av_diff(close, 20), industry)

S=1.37 wpjoxbbd: group_neutralize(ts_rank(cashflow_op/enterprise_value, 60), industry)

S=1.47 RR79x16n: liabilities_curr/assets

S=1.54 wpYgReRx: group_rank(fnd6_mfma2_revt/assets, industry) + group_rank(-ts_av_diff(close, 20), industry)

S=1.55 58p2XdxX: liabilities/assets

S=1.60 rKj7w0Z1: group_rank(ts_rank(cashflow_op/enterprise_value, 60), industry)

S=1.61 RRVLeabj: group_rank(fnd6_mfma2_revt/assets, industry) + group_rank(-ts_rank(returns, 20), industry)

S=1.64 QP7z069Q: signed_power(liabilities_curr/assets, 0.5)

S=1.67 E5v15JPJ: group_rank(liabilities_curr/assets, industry) + group_rank(-ts_corr(close, volume, 20), industry)

S=1.71 akLqqmm6: group_rank(ts_av_diff(cash/assets, 30), industry) + group_rank(-ts_rank(close, 5), industry) + group_rank(-ts_corr(close, volume, 20), industry)

S=1.79 vRjG1Jzw: group_rank(ts_av_diff(cashflow_op/enterprise_value, 60), industry)

S=1.90 A10MYm3d: group_rank(ts_av_diff(ebit/enterprise_value, 30), industry) + group_rank(-ts_rank(close, 5), industry) + group_rank(-ts_corr(close, volume, 20), indus

S=1.91 MP1mQRro: group_rank(-(fnd6_newa2v1300_ni - cashflow_op)/assets, industry) + group_rank(fnd6_mfma2_revt/assets, industry) + group_rank(-ts_av_diff(close, 20), i

S=1.92 j23nOrVW: group_rank(fnd6_xrent/assets, industry) + group_rank(fnd6_xopr/assets, industry) + group_rank(-ts_corr(close, volume, 20), industry)

S=2.00 om6ea8j6: group_rank(-(fnd6_newa2v1300_ni - cashflow_op)/assets, industry) + group_rank(-ts_rank(returns, 20), industry)

S=2.02 kqoq0zed: 1.5*group_rank(fnd6_txtubadjust/cap, subindustry) + group_rank(fnd6_newa1v1300_aol2/cap, subindustry) + group_rank(fnd6_newqv1300_dpactq/cap, subindus

S=2.06 N1QxNQK7: group_rank(liabilities_curr/cap, industry) + group_rank(-ts_rank(close, 5), industry)

S=2.11 1YwRK1wW: group_rank(liabilities_curr/assets, industry) + group_rank(-ts_rank(close, 20), industry)

S=2.12 akbjdK26: 1.5*group_rank(fnd6_pstkl/cap, subindustry) + group_rank(-annual_intangible_assets_net_carrying_value/sales, subindustry) + group_rank(fnd6_xrent/asse

S=2.14 58Q7kl1z: group_rank(ts_av_diff(cash/assets, 30), industry) + group_rank(ts_av_diff(ebit/enterprise_value, 30), industry) + group_rank(-ts_rank(returns, 20), in

S=2.14 YP57jVzo: group_rank(fnd6_mfma2_revt/assets, subindustry) + group_rank(-ts_mean(abs(returns)/volume, 20), subindustry) + rank(-ts_delta(close, 2))

S=2.14 le8KY21N: group_rank(fnd6_newqv1300_ivstq/assets, subindustry) + group_rank(ts_av_diff(cashflow_op/enterprise_value, 60), subindustry) + rank(-ts_delta(close, 2

S=2.15 58QVJA9M: group_rank(ts_av_diff(cash/assets, 30), industry) + group_rank(-ts_rank(returns, 20), industry)

