GET alphas 400 ["Cannot display more than the first 1,000 alphas. Apply filters to narrow results and see more."]
平台 alpha 总数: 3597
状态分布: {'ACTIVE': 104, 'UNSUBMITTED': 996}
有 dateSubmitted 的条数: 104  唯一 id: 104
美东 09-20 提交: 18
  zq8jl99K  S=2.68  F=1.99  2026-09-20T00:55:53-04:00  GOOD  None
  qMxzlLYK  S=2.28  F=1.92  2026-09-20T03:21:03-04:00  GOOD  None
  LLNXEe7L  S=2.3  F=2.25  2026-09-20T06:47:51-04:00  EXCELLENT  None
  1YX6MA0M  S=3.26  F=1.94  2026-09-20T06:54:41-04:00  GOOD  None
  rKOrk5Qa  S=2.58  F=1.92  2026-09-20T07:22:01-04:00  GOOD  None
  wpZJX6m5  S=3.1  F=2.46  2026-09-20T07:30:59-04:00  EXCELLENT  None
  ZYbPbXj1  S=2.59  F=2.78  2026-09-20T08:03:24-04:00  SPECTACULAR  None
  mLmOPGap  S=2.57  F=2.51  2026-09-20T08:05:25-04:00  SPECTACULAR  None
  gJbk9V1K  S=2.82  F=2.16  2026-09-20T08:06:29-04:00  EXCELLENT  None
  QPbPpA8W  S=2.58  F=2.37  2026-09-20T08:06:49-04:00  EXCELLENT  None
  LLNlX5nv  S=2.51  F=1.89  2026-09-20T08:07:30-04:00  GOOD  None
  6Xjmjr7G  S=2.67  F=2.01  2026-09-20T08:09:47-04:00  EXCELLENT  None
  Vka1Nar0  S=2.55  F=1.99  2026-09-20T08:11:45-04:00  GOOD  None
  9qjZ8oZ2  S=2.53  F=1.96  2026-09-20T08:12:38-04:00  GOOD  None
  O0NP30KR  S=2.44  F=1.88  2026-09-20T08:15:56-04:00  GOOD  None
  E5prgA1K  S=2.57  F=1.86  2026-09-20T08:24:10-04:00  GOOD  None
  O0N55k1Y  S=2.87  F=2.31  2026-09-20T08:26:21-04:00  EXCELLENT  None
  O0N5o3Nv  S=2.22  F=2.24  2026-09-20T09:01:11-04:00  EXCELLENT  None
/users/self/super-alphas -> 404 {"detail":"Not found."}
/users/self/competitions -> 200 {"count":1,"next":null,"previous":null,"results":[{"id":"challenge","name":"Challenge - Mainland China","description":"Challenge","universities":null,"countries":["CN","IN","KE","NG","VN"],"excludedCountries":null,"status":"ACCEPTED","teamBased":false,"startDate":null,"endDate":null,"signUpStartDate