=== N1ajLwA7 状态跟踪 ===
  t+0s status=UNSUBMITTED dateSubmitted=None selfCorrCheck=[{"name": "SELF_CORRELATION", "result": "PENDING"}]
  t+12s status=UNSUBMITTED dateSubmitted=None selfCorrCheck=[{"name": "SELF_CORRELATION", "result": "PENDING"}]
  t+24s status=UNSUBMITTED dateSubmitted=None selfCorrCheck=[{"name": "SELF_CORRELATION", "result": "PENDING"}]
  t+36s status=UNSUBMITTED dateSubmitted=None selfCorrCheck=[{"name": "SELF_CORRELATION", "result": "PENDING"}]

=== 历史判决库：corr 0.68~0.92 的候选（Sharpe 提升概率带）===
总 94 行，概率带内 53 条

=== 概率带候选的平台指标 ===
  j23qYr8O w125_d corr=0.7265 S=2.34 F=1.79 status=UNSUBMITTED
  Vk6AxE1b w125_c corr=0.7367 S=2.52 F=1.81 status=UNSUBMITTED
  78N8nA6L w132_h corr=0.7544 S=2.17 F=1.82 status=UNSUBMITTED
  QPbPVOn5 w131_h corr=0.7584 S=2.17 F=1.83 status=UNSUBMITTED
  GrdZWbvO w125_f corr=0.7723 S=2.41 F=1.77 status=UNSUBMITTED
  blRJRxvl w54_c corr=0.7729 S=2.74 F=2.5 status=UNSUBMITTED
  6XrkW6R5 w124_e corr=0.7791 S=2.44 F=1.84 status=UNSUBMITTED
  E5paK2Xm x214_w54c_SEC corr=0.7824 S=2.57 F=2.38 status=UNSUBMITTED
  blRe65g6 w125_a corr=0.7935 S=2.24 F=1.89 status=UNSUBMITTED
  1YxdalNW f12_vwap_rev corr=0.813 S=2.47 F=1.95 status=UNSUBMITTED
  E5v8P8AJ w71_d corr=0.8144 S=2.75 F=1.85 status=UNSUBMITTED
  P02JjJOx w126_g corr=0.8167 S=2.68 F=1.85 status=UNSUBMITTED
  WjPZ1PpP w119_c corr=0.8168 S=2.69 F=1.75 status=UNSUBMITTED
  58QrQzeM w54_a corr=0.8311 S=2.96 F=3.0 status=UNSUBMITTED
  LL9ENRX2 w55_e corr=0.839 S=2.83 F=3.03 status=UNSUBMITTED
  LLNPbLx6 w126_h corr=0.842 S=2.72 F=2.05 status=UNSUBMITTED
  wpY3Yxvd w53_c corr=0.8444 S=2.99 F=3.2 status=UNSUBMITTED
  vRkZNpGw w51_d corr=0.8449 S=2.85 F=2.95 status=UNSUBMITTED
  78Z3ZAe1 w53_e corr=0.8452 S=2.97 F=3.07 status=UNSUBMITTED
  78Z3Z5m5 w54_g corr=0.8469 S=2.97 F=3.07 status=UNSUBMITTED
  kqVvVxag w53_d corr=0.8473 S=2.97 F=3.06 status=UNSUBMITTED
  Vk6Za7Lw w55_h corr=0.8476 S=3.01 F=3.14 status=UNSUBMITTED
  qMWOWaE1 w54_h corr=0.8477 S=3.01 F=3.13 status=UNSUBMITTED
  kqVvjjnK w52_g corr=0.8477 S=3.01 F=3.13 status=UNSUBMITTED
  RRV9brza w55_f corr=0.8493 S=3.0 F=3.09 status=UNSUBMITTED
  A10e0LQY w54_d corr=0.85 S=3.02 F=3.13 status=UNSUBMITTED
  78Z3ZgrZ w53_g corr=0.851 S=3.0 F=3.06 status=UNSUBMITTED
  Vk6Z6nmw w53_f corr=0.8511 S=2.98 F=3.13 status=UNSUBMITTED
  kqVvoRMP w55_a corr=0.8515 S=2.96 F=3.09 status=UNSUBMITTED
  KPOvGJRj w51_a corr=0.8516 S=2.92 F=3.13 status=UNSUBMITTED
  j23orrMk w49_d corr=0.8519 S=2.86 F=3.09 status=UNSUBMITTED
  JjxoNKAj w55_b corr=0.8526 S=2.99 F=3.02 status=UNSUBMITTED
  zqYgYexo w54_e corr=0.8528 S=2.98 F=3.1 status=UNSUBMITTED
  JjxoxraA w54_f corr=0.8536 S=2.94 F=3.0 status=UNSUBMITTED
  78Z3jxx2 w52_d corr=0.8539 S=2.9 F=3.01 status=UNSUBMITTED
  YP57z3wl y5_d0_d4 corr=0.8556 S=2.21 F=1.82 status=UNSUBMITTED
  XgWvJ9Na w67_e corr=0.8566 S=2.48 F=1.88 status=UNSUBMITTED
  vRkZN1gG w51_b corr=0.8568 S=2.94 F=3.06 status=UNSUBMITTED
  ZY0g7q2d w52_b corr=0.8578 S=2.84 F=3.0 status=UNSUBMITTED
  vRkZNpEb w51_c corr=0.859 S=2.95 F=2.96 status=UNSUBMITTED
  d5OYjqdY w52_a corr=0.8597 S=2.91 F=3.07 status=UNSUBMITTED
  O0rR7mmR w52_c corr=0.8615 S=2.93 F=2.98 status=UNSUBMITTED
  3q9NMgk6 w121_d corr=0.8625 S=3.02 F=2.28 status=UNSUBMITTED
  MP1d7Nvk w53_a corr=0.8665 S=3.02 F=3.03 status=UNSUBMITTED
  N1QLrPN7 w48_a corr=0.8666 S=2.83 F=3.02 status=UNSUBMITTED
  RRV7QVQn o2_xopr_vwap_vol90 corr=0.8681 S=2.58 F=1.95 status=UNSUBMITTED
  qMWOjxW1 w52_h corr=0.8705 S=2.97 F=2.85 status=UNSUBMITTED
  gJQXb8bg w55_g corr=0.8707 S=2.99 F=2.88 status=UNSUBMITTED
  3q91lvxO w53_b corr=0.8875 S=3.02 F=2.89 status=UNSUBMITTED
  O0rM8nNY w67_d corr=0.8896 S=2.66 F=1.85 status=UNSUBMITTED
  npKXNnRM w85_g corr=0.9031 S=2.58 F=1.56 status=UNSUBMITTED
  LLNXPaea 0920-w213c-w213c_07 corr=0.9143 S=2.49 F=1.85 status=UNSUBMITTED
  LLNXPaea w213c_07 corr=0.9143 S=2.49 F=1.85 status=UNSUBMITTED
