=== 对手 IS 指标（平台实况）===
kqoq0zed S=2.02 F=1.83 tS=1.35 turnover=0.1427
e79PvPpE S=3.13 F=2.72 tS=2.75 turnover=0.1918
6Xr2eQaJ S=2.27 F=1.94 tS=1.7 turnover=0.1307
qMxzlLYK S=2.28 F=1.92 tS=2.43 turnover=0.0991
zq8jl99K S=2.68 F=1.99 tS=1.5 turnover=0.1808

=== 我的候选 vs 撞到的对手 ===
LLNXEe7L w218_s5 我的S=2.3 对手(kqoq0zed)S=2.02 提升=13.9% corr=0.7642 → Sharpe高10%+可试
88j6G01o w218_s3 我的S=2.3 对手(e79PvPpE)S=3.13 提升=-26.5% corr=0.7057 → 低于对手
N1ajLwA7 w218_s2 我的S=2.29 对手(kqoq0zed)S=2.02 提升=13.4% corr=0.7135 → Sharpe高10%+可试
d5b79j6K w218_s 我的S=2.27 对手(kqoq0zed)S=2.02 提升=12.4% corr=0.7117 → Sharpe高10%+可试
e7b2VgaO w218_u1 我的S=2.18 对手(kqoq0zed)S=2.02 提升=7.9% corr=0.713 → 未达10%
xA3zlPJw w218_p 我的S=2.11 对手(6Xr2eQaJ)S=2.27 提升=-7.0% corr=0.7374 → 低于对手

=== 我的候选 IS 指标（平台）===
LLNXEe7L w218_s5 status=UNSUBMITTED S=2.3 F=2.25 tS=2.72
88j6G01o w218_s3 status=UNSUBMITTED S=2.3 F=2.2 tS=2.29
N1ajLwA7 w218_s2 status=UNSUBMITTED S=2.29 F=2.19 tS=2.28
d5b79j6K w218_s status=UNSUBMITTED S=2.27 F=2.17 tS=2.22
e7b2VgaO w218_u1 status=UNSUBMITTED S=2.18 F=2.08 tS=2.34
xA3zlPJw w218_p status=UNSUBMITTED S=2.11 F=2.02 tS=1.91
