combos_done=20
w210_00 w210_00 id=E5pYLQPL SF=4.54 tS=1.29 FAIL=[] [PASS]
w210_01 w210_01 id=j2AWxo2W SF=4.37 tS=0.46 FAIL=[] [fail]
w210_02 w210_02 id=qMxv3waO SF=4.37 tS=0.46 FAIL=[] [fail]
w210_03 w210_03 id=A1NYm8ke SF=4.49 tS=0.99 FAIL=[] [fail]
w210_04 w210_04 id=j2AWO5kZ SF=4.27 tS=0.65 FAIL=[] [fail]
w210_05 w210_05 id=A1NYm8ke SF=4.49 tS=0.99 FAIL=[] [fail]
w210_06 w210_06 id=0mX95n5p SF=4.32 tS=1.37 FAIL=[] [PASS]
w210_07 w210_07 id=O0Nqgkng SF=3.98 tS=0.14 FAIL=[] [fail]
w210_08 w210_08 id=3qX3Jz70 SF=4.32 tS=1.37 FAIL=[] [PASS]
w210_09 w210_09 id=0mX95n5p SF=4.32 tS=1.37 FAIL=[] [PASS]
w210_10 w210_10 id=rKOE8Og1 SF=3.98 tS=0.14 FAIL=[] [fail]
w210_11 w210_11 id=3qX3Jz70 SF=4.32 tS=1.37 FAIL=[] [PASS]
w210_12 w210_12 id=YPbnYzol SF=4.04 tS=1.33 FAIL=[] [PASS]
w210_13 w210_13 id=58z3Y5Kz SF=4.12 tS=0.15 FAIL=[] [fail]
w210_14 w210_14 id=e7bgWRvE SF=3.99 tS=1.45 FAIL=['LOW_SUB_UNIVERSE_SHARPE'] [fail]
w210_15 w210_15 id=VkaqRJMV SF=3.97 tS=0.42 FAIL=[] [fail]
w210_16 w210_16 id=j2AWMwjO SF=3.95 tS=0.51 FAIL=[] [fail]
w210_17 w210_17 id=1YX12gvK SF=3.99 tS=1.61 FAIL=[] [fail]
w210_18 w210_18 id=QPbqoG0r SF=3.99 tS=1.45 FAIL=['LOW_SUB_UNIVERSE_SHARPE'] [fail]
w210_19 w210_19 id=GrbY7gvx SF=3.97 tS=0.42 FAIL=[] [fail]