w211_done=20/20
w211_00 id=E5pYLQPL SF=4.54 tS=1.29 FAIL=[] [PASS]
w211_01 id=j2AWxo2W SF=4.37 tS=0.46 FAIL=[] [fail]
w211_02 id=MPaqn5W6 SF=4.58 tS=0.96 FAIL=[] [fail]
w211_03 id=pwRokEKV SF=4.34 tS=0.35 FAIL=[] [fail]
w211_04 id=qMxv3waO SF=4.37 tS=0.46 FAIL=[] [fail]
w211_05 id=QPbqAGM5 SF=4.28 tS=1.2 FAIL=[] [fail]
w211_06 id=E5pYMQaR SF=4.44 tS=0.18 FAIL=[] [fail]
w211_07 id=A1NY5xqR SF=4.30 tS=-0.05 FAIL=[] [fail]
w211_08 id=A1NYm8ke SF=4.49 tS=0.99 FAIL=[] [fail]
w211_09 id=78N0r2KZ SF=4.31 tS=0.49 FAIL=[] [fail]
w211_10 id=j2AWO5kZ SF=4.27 tS=0.65 FAIL=[] [fail]
w211_11 id=O0NqXYqb SF=4.14 tS=0.3 FAIL=[] [fail]
w211_12 id=levkPOAx SF=4.44 tS=0.18 FAIL=[] [fail]
w211_13 id=A1NYm8ke SF=4.49 tS=0.99 FAIL=[] [fail]
w211_14 id=0mX95n5p SF=4.32 tS=1.37 FAIL=[] [PASS]
w211_15 id=O0Nqgkng SF=3.98 tS=0.14 FAIL=[] [fail]
w211_16 id=Vkaqb8YJ SF=4.31 tS=0.49 FAIL=[] [fail]
w211_17 id=KPNqMrgk SF=4.31 tS=0.49 FAIL=[] [fail]
w211_18 id=XgbPAJox SF=4.14 tS=0.3 FAIL=[] [fail]
w211_19 id=3qX3Jz70 SF=4.32 tS=1.37 FAIL=[] [PASS]