w213 legs produced: 29
  w213leg_ev120b id=wpZ171VY status=UNSUBMITTED S=0.11 F=0.04 tS=0.43 FAIL=['LOW_SHARPE', 'LOW_FITNESS']
  w213leg_ev20b id=gJbKNRkv status=UNSUBMITTED S=0.31 F=0.13 tS=0.56 FAIL=['LOW_SHARPE', 'LOW_FITNESS']
  w213leg_ev60a id=58z9dKAz status=UNSUBMITTED S=-0.23 F=-0.11 tS=-0.79 FAIL=['LOW_SHARPE', 'LOW_FITNESS', 'LOW_SUB_UNIVERSE_SHARPE']
  w213leg_ev60b id=QPbjpRoK status=UNSUBMITTED S=0.1 F=0.03 tS=0.88 FAIL=['LOW_SHARPE', 'LOW_FITNESS']
  w213leg_ev60db id=QPbjR1Gr status=UNSUBMITTED S=0.04 F=0.01 tS=0.8 FAIL=['LOW_SHARPE', 'LOW_FITNESS']
  w213leg_ev60nb id=E5pbn5dm status=UNSUBMITTED S=0.19 F=0.07 tS=0.92 FAIL=['LOW_SHARPE', 'LOW_FITNESS']
  w213leg_evh60a id=1YXL3d8Q status=UNSUBMITTED S=0.74 F=0.52 tS=0.75 FAIL=['LOW_SHARPE', 'LOW_FITNESS']
  w213leg_evh60b id=3qXxmlGN status=UNSUBMITTED S=-0.74 F=-0.52 tS=-0.75 FAIL=['LOW_SHARPE', 'LOW_FITNESS', 'LOW_SUB_UNIVERSE_SHARPE']
  w213leg_evsum10 id=N1a6lLwE status=UNSUBMITTED S=-0.41 F=-0.19 tS=-0.91 FAIL=['LOW_SHARPE', 'LOW_FITNESS', 'LOW_SUB_UNIVERSE_SHARPE']
  w213b_00 id=wpZ1dM3v status=UNSUBMITTED S=2.39 F=1.48 tS=0.28 FAIL=[]
  w213b_01 id=JjNmAMZn status=UNSUBMITTED S=2.25 F=1.3 tS=0.66 FAIL=[]
  w213b_02 id=Grb62VwP status=UNSUBMITTED S=2.49 F=1.57 tS=0.46 FAIL=[]
  w213b_03 id=3qXxK30P status=UNSUBMITTED S=2.49 F=1.57 tS=0.46 FAIL=[]
  w213b_04 id=3qXxKaeN status=UNSUBMITTED S=2.49 F=1.57 tS=0.46 FAIL=[]
  w213b_05 id=6Xj1WwqP status=UNSUBMITTED S=2.43 F=1.5 tS=0.44 FAIL=[]
  w213b_06 id=kqoXwPjK status=UNSUBMITTED S=2.33 F=1.4 tS=0.04 FAIL=[]
  w213b_07 id=P026R5AL status=UNSUBMITTED S=2.36 F=1.35 tS=0.69 FAIL=[]
  w213b_08 id=58z9mJNJ status=UNSUBMITTED S=2.36 F=1.35 tS=0.69 FAIL=[]
  w213b_09 id=pwRE2ewo status=UNSUBMITTED S=2.36 F=1.35 tS=0.69 FAIL=[]
  w213b_10 id=JjNmAMZn status=UNSUBMITTED S=2.25 F=1.3 tS=0.66 FAIL=[]
  w213b_11 id=88jrwddl status=UNSUBMITTED S=2.09 F=1.16 tS=0.41 FAIL=[]
  w213b_12 id=gJbK2Ong status=UNSUBMITTED S=2.19 F=1.33 tS=0.16 FAIL=[]
  w213b_13 id=A1NbAgqg status=UNSUBMITTED S=2.09 F=1.13 tS=0.16 FAIL=['LOW_SUB_UNIVERSE_SHARPE']
  w213b_14 id=vRr9Q5gz status=UNSUBMITTED S=2.37 F=1.44 tS=0.44 FAIL=[]
  w213b_15 id=A1NbAGAY status=UNSUBMITTED S=2.44 F=1.45 tS=0.86 FAIL=[]
  w213b_16 id=O0Nk38Z1 status=UNSUBMITTED S=2.44 F=1.45 tS=0.86 FAIL=[]
  w213b_17 id=1YXLMGgk status=UNSUBMITTED S=2.44 F=1.45 tS=0.86 FAIL=[]
  w213b_18 id=YPbmeJLv status=UNSUBMITTED S=2.21 F=1.24 tS=0.4 FAIL=[]
  w213b_19 id=rKOLxM79 status=UNSUBMITTED S=2.27 F=1.26 tS=0.67 FAIL=[]
