=== 已入池成员使用的 fnd6 字段 ===
fnd6_aqi 1 ['qMxzlLYK']
fnd6_cicurr 2 ['akLp3pzW', 'kqVp6wnO']
fnd6_dxd5 1 ['qMxzlLYK']
fnd6_intc 5 ['3qXd5vg0', 'akLp3pzW', 'kqVp6wnO', 'mLmwpAKK', 'zq8jl99K']
fnd6_lqpl1 1 ['0mXm1neK']
fnd6_mfma2_revt 1 ['YP57jVzo']
fnd6_mfmq_mibtq 1 ['MPaPe0oo']
fnd6_newa1v1300_aol2 3 ['58znv2Y1', 'MPaPe0oo', 'kqoq0zed']
fnd6_newa2v1300_ni 2 ['N1avK6zw', 'levb0dQx']
fnd6_newqv1300_cicurrq 1 ['qMxzlLYK']
fnd6_newqv1300_cimiiq 3 ['9qV8l13o', 'e791WzbO', 'le8EAJLO']
fnd6_newqv1300_dpactq 3 ['YPbLZK2W', 'kqoq0zed', 'omL8Mazn']
fnd6_newqv1300_glcea12 2 ['YPbGEV3q', 'akLmmvPW']
fnd6_newqv1300_ivstq 5 ['9qVEA1ZV', 'LL98E87L', 'WjPexbLZ', 'le8EMjoN', 'le8KY21N']
fnd6_newqv1300_lol2q 2 ['9qVEA1ZV', 'WjPexbLZ']
fnd6_newqv1300_xoptq 1 ['akLmmvPW']
fnd6_pstkl 4 ['LLNL3qqm', 'MPaPe0oo', 'QPbPwvnW', 'akbjdK26']
fnd6_tfvce 1 ['N1avK6zw']
fnd6_tstkc 2 ['akLmmvPW', 'kqVp6wnO']
fnd6_txs 1 ['YPbGEV3q']
fnd6_txtubadjust 1 ['kqoq0zed']
fnd6_txtubxintis 2 ['9qV8l13o', 'j23Pl0e5']
fnd6_xintopt 1 ['npKGgKLw']
fnd6_xopr 2 ['0mRwgR6k', 'ZY07MXgd']
fnd6_xrent 17 ['9qVEA1ZV', 'LL98E87L', 'N1avK6zw', 'O0N0R5NY', 'O0rZ90n1', 'RRV5l5Go']
