EXPR_COL: expr
=== 台账从未用过的 fnd6 字段 ===
  fnd6_dlc
  fnd6_dlcch
  fnd6_dltt
  fnd6_dxd2
  fnd6_fatn
  fnd6_gp
  fnd6_intan
  fnd6_invo
  fnd6_ivch
  fnd6_lifr
  fnd6_lno
  fnd6_lol2
  fnd6_lul3
  fnd6_mkvaltq
  fnd6_newa1v1300_ano
  fnd6_newa1v1300_aocidergl
  fnd6_newa1v1300_aqpl1
  fnd6_newa1v1300_cshi
  fnd6_newa1v1300_dpact
  fnd6_newa1v1300_dvt
  fnd6_newa1v1300_fca
  fnd6_newa1v1300_ibadj
  fnd6_newa1v1300_ibcom
  fnd6_newa2_oancf
  fnd6_newa2v1300_nopi
  fnd6_newa2v1300_spced
  fnd6_newa2v1300_spceeps
  fnd6_newa2v1300_tstk
  fnd6_newa2v1300_tstkn
  fnd6_newa2v1300_txach
  fnd6_newa2v1300_xoptd
  fnd6_newa2v1300_xopteps
  fnd6_newq_xoptdqp
  fnd6_newq_xoptepsqp
  fnd6_newq_xoptqp
  fnd6_newqv1300_anoq
  fnd6_newqv1300_aociderglq
  fnd6_newqv1300_aocipenq
  fnd6_newqv1300_aol2q
  fnd6_newqv1300_aqpl1q
  fnd6_newqv1300_aul3q
  fnd6_newqv1300_chq
  fnd6_newqv1300_ciderglq
  fnd6_newqv1300_citotalq
  fnd6_newqv1300_cshopq
  fnd6_newqv1300_cshoq
  fnd6_newqv1300_fcaq
  fnd6_newqv1300_glced12
  fnd6_newqv1300_glceeps12
  fnd6_newqv1300_ibadjq
  fnd6_newqv1300_ibcomq
  fnd6_newqv1300_invrmq
  fnd6_newqv1300_invwipq
  fnd6_newqv1300_lnoq
  fnd6_newqv1300_loq
  fnd6_newqv1300_mibnq
  fnd6_newqv1300_mibtq
  fnd6_newqv1300_optrfrq
  fnd6_newqv1300_pncq
  fnd6_newqv1300_prcaq
  fnd6_newqv1300_prcdq
  fnd6_newqv1300_prcepsq
  fnd6_newqv1300_prcraq
  fnd6_newqv1300_rcpq
  fnd6_newqv1300_rdipaq
  fnd6_newqv1300_rdipdq
  fnd6_newqv1300_rdipepsq
  fnd6_newqv1300_rectoq
  fnd6_newqv1300_spcedpq
  fnd6_newqv1300_spcedq
  fnd6_newqv1300_spceepsp12
  fnd6_newqv1300_spceepspq
  fnd6_newqv1300_spceepsq
  fnd6_newqv1300_spcep12
  fnd6_newqv1300_spcepd12
  fnd6_newqv1300_spcepq
  fnd6_newqv1300_spceq
  fnd6_newqv1300_spiq
  fnd6_newqv1300_stkcpaq
  fnd6_newqv1300_tfvaq
  fnd6_newqv1300_tfvceq
  fnd6_newqv1300_tfvlq
  fnd6_newqv1300_tstkq
  fnd6_newqv1300_txdbaq
  fnd6_newqv1300_txdbq
  fnd6_newqv1300_txdiq
  fnd6_newqv1300_wcapq
  fnd6_newqv1300_xoptdq
  fnd6_newqv1300_xoptepsq
  fnd6_ni
  fnd6_np
  fnd6_oibdp
  fnd6_optdrq
  fnd6_optlifeq
  fnd6_optvolq
  fnd6_pidom
  fnd6_pncdq
  fnd6_pncepsq
  fnd6_sale
  fnd6_spce
  fnd6_stkcpa
  fnd6_tfvl
  fnd6_txdba
  fnd6_txdbcl
  fnd6_txdfo
  fnd6_txds
  fnd6_txfed
  fnd6_txtubposinc
  fnd6_txtubpospinc
  fnd6_txtubtxtr
  fnd6_txtubxintbs
total_never: 111
