==============================================================================
① 真墙排行（按挡掉的候选数）
==============================================================================
  挡 155 次  mR2K6lr  S=None  
  挡 106 次  pwRwWoJ3  S=3.33  pwRwWoJ3,"1.5*group_rank(ts_av_diff(cashflow_op/enterprise_value,45), subindustry) + group_rank
  挡  70 次  mLgd6nwX  S=3.17  mLgd6nwX,"group_rank(fnd6_xrent/assets, subindustry) + group_rank(ts_av_diff(cash/assets, 46), 
  挡  57 次  YX6MA0M  S=None  
  挡  39 次  O0rZ90n1  S=2.82  O0rZ90n1,"group_rank(fnd6_xrent/assets, subindustry) + group_rank(ts_av_diff(cash/assets, 30), 
  挡  18 次  rK59235m  S=2.72  rK59235m,"group_rank(ts_av_diff(cash/assets, 45), subindustry) + group_rank(ts_av_diff(cashflow
  挡  13 次  e79PvPpE  S=3.13  e79PvPpE,"group_rank(authorized_stock_buyback_amount/assets, subindustry) + group_rank(-annual_
  挡  14 次  j23Pl0e5  S=3.25  j23Pl0e5,"group_rank(anl4_fs_detail_estimate_1qf_v4_nd_grossincome_high/assets, subindustry) + 
  挡  14 次  akLp3pzW  S=2.78  akLp3pzW,"group_rank(fnd6_cicurr/assets, bucket(rank(ts_mean(volume*close, 20)), range=""0.1, 1
  挡  11 次  zq8jl99K  S=2.68  zq8jl99K,"2.0*group_rank(-ts_arg_min(returns, 10), subindustry) + 1.5*group_rank(-annual_intang
  挡  10 次  O0N0R5NY  S=2.92  O0N0R5NY,"1.5*group_rank(ts_av_diff(assets_curr/assets,30), subindustry) + group_rank(fn_accrue
  挡   9 次  ZYbPbXj1  S=2.59  ZYbPbXj1,"group_rank(authorized_stock_buyback_amount/assets, subindustry) + group_rank(-annual_
  挡   8 次  RRV5l5Go  S=2.39  RRV5l5Go,"group_rank(fnd6_xrent/assets, subindustry) + group_rank(ts_av_diff(cash/assets, 30), 
  挡   9 次  Xjmjr7G  S=None  
  挡   4 次  levpXXGl  S=2.31  levpXXGl,"1.5*group_rank(fn_accrued_liab_curr_a/assets, subindustry) + group_rank(-annual_intan
  挡   4 次  QPbPpA8W  S=2.58  QPbPpA8W,"1.5*group_rank(fnd6_newa1v1300_aol2/cap, subindustry) + group_rank(ts_av_diff(assets_
  挡   4 次  gJbkQ31Q  S=2.37  gJbkQ31Q,"1.5*group_rank(ts_av_diff(cashflow_op/enterprise_value,45), subindustry) + group_rank
  挡  14 次  LLNXEe7L  S=2.3  LLNXEe7L,"group_rank(fnd6_mfma2_revt/assets, bucket(rank(ts_std_dev(returns, 20)), range=""0.1,
  挡   7 次  zq8Xeo2R  S=2.52  zq8Xeo2R,"1.5*group_rank(-ts_rank(close/open - 1, 10), subindustry) + 0.75*group_rank(fnd6_xren
  挡   6 次  XgWnklXa  S=2.44  XgWnklXa,"group_rank(fnd6_xrent/assets, subindustry) + rank(-ts_delta(close, 2)) + rank(volume/
  挡   4 次  wpZJX6m5  S=3.1  wpZJX6m5,"1.5*group_rank(-ts_rank(close/open - 1, 10), subindustry) + 1.5*group_rank(liabilitie
  挡   4 次  8znv2Y1  S=None  
  挡   3 次  rKOrk5Qa  S=2.58  rKOrk5Qa,"1.5*group_rank(anl4_fs_detail_estimate_1qf_v4_nd_grossincome_high/assets, subindustry
  挡   3 次  kqVp6wnO  S=2.51  kqVp6wnO,"group_rank(fnd6_tstkc/assets, bucket(rank(ts_rank(cap, 250)), range=""0.1, 1, 0.1""))
  挡   4 次  gJQMxZoJ  S=2.67  gJQMxZoJ,"group_rank(-ts_mean(abs(returns)/volume, 20), subindustry) + group_rank(fnd6_xrent/as

==============================================================================
② 低夏普靶区（豁免线 = 1.1×S，越低越好打）
==============================================================================
  S=1.26  线=1.39  9qX8Nr6r  9qX8Nr6r,liabilities_curr/cap,1.26,1.49,0.0383,0.175,0.2641,0.3838,2026-08-28T23:41:21-04:
  S=1.27  线=1.40  QP3XalpK  QP3XalpK,"group_rank(-(fnd6_newa2v1300_ni - cashflow_op)/assets, industry) + group_rank(-t
  S=1.37  线=1.51  wpjoxbbd  wpjoxbbd,"group_neutralize(ts_rank(cashflow_op/enterprise_value, 60), industry)",1.37,1.0,
  S=1.47  线=1.62  RR79x16n  RR79x16n,liabilities_curr/assets,1.47,1.16,0.0194,0.0776,0.045,0.4974,2026-08-28T22:59:15-
  S=1.54  线=1.69  wpYgReRx  wpYgReRx,"group_rank(fnd6_mfma2_revt/assets, industry) + group_rank(-ts_av_diff(close, 20)
  S=1.55  线=1.71  58p2XdxX  58p2XdxX,liabilities/assets,1.55,1.34,0.017,0.0938,0.0525,0.0,2026-08-15T07:17:36-04:00,5,
  S=1.60  线=1.76  rKj7w0Z1  rKj7w0Z1,"group_rank(ts_rank(cashflow_op/enterprise_value, 60), industry)",1.6,1.24,0.1512
  S=1.61  线=1.77  RRVLeabj  RRVLeabj,"group_rank(fnd6_mfma2_revt/assets, industry) + group_rank(-ts_rank(returns, 20),
  S=1.64  线=1.80  QP7z069Q  QP7z069Q,"signed_power(liabilities_curr/assets, 0.5)",1.64,1.38,0.0194,0.0882,0.0419,0.936
  S=1.67  线=1.84  E5v15JPJ  E5v15JPJ,"group_rank(liabilities_curr/assets, industry) + group_rank(-ts_corr(close, volum
  S=1.71  线=1.88  akLqqmm6  akLqqmm6,"group_rank(ts_av_diff(cash/assets, 30), industry) + group_rank(-ts_rank(close, 5
  S=1.79  线=1.97  vRjG1Jzw  vRjG1Jzw,"group_rank(ts_av_diff(cashflow_op/enterprise_value, 60), industry)",1.79,1.27,0.
  S=1.90  线=2.09  A10MYm3d  A10MYm3d,"group_rank(ts_av_diff(ebit/enterprise_value, 30), industry) + group_rank(-ts_ran
  S=1.91  线=2.10  MP1mQRro  MP1mQRro,"group_rank(-(fnd6_newa2v1300_ni - cashflow_op)/assets, industry) + group_rank(fn
  S=1.92  线=2.11  j23nOrVW  j23nOrVW,"group_rank(fnd6_xrent/assets, industry) + group_rank(fnd6_xopr/assets, industry)
  S=2.00  线=2.20  om6ea8j6  om6ea8j6,"group_rank(-(fnd6_newa2v1300_ni - cashflow_op)/assets, industry) + group_rank(-t
  S=2.02  线=2.22  kqoq0zed  kqoq0zed,"1.5*group_rank(fnd6_txtubadjust/cap, subindustry) + group_rank(fnd6_newa1v1300_a
  S=2.06  线=2.27  N1QxNQK7  N1QxNQK7,"group_rank(liabilities_curr/cap, industry) + group_rank(-ts_rank(close, 5), indu
  S=2.11  线=2.32  1YwRK1wW  1YwRK1wW,"group_rank(liabilities_curr/assets, industry) + group_rank(-ts_rank(close, 20), 
  S=2.12  线=2.33  akbjdK26  akbjdK26,"1.5*group_rank(fnd6_pstkl/cap, subindustry) + group_rank(-annual_intangible_asse
  S=2.14  线=2.35  58Q7kl1z  58Q7kl1z,"group_rank(ts_av_diff(cash/assets, 30), industry) + group_rank(ts_av_diff(ebit/e
  S=2.14  线=2.35  YP57jVzo  YP57jVzo,"group_rank(fnd6_mfma2_revt/assets, subindustry) + group_rank(-ts_mean(abs(return
  S=2.14  线=2.35  le8KY21N  le8KY21N,"group_rank(fnd6_newqv1300_ivstq/assets, subindustry) + group_rank(ts_av_diff(cas
  S=2.15  线=2.37  58QVJA9M  58QVJA9M,"group_rank(ts_av_diff(cash/assets, 30), industry) + group_rank(-ts_rank(returns,
  S=2.15  线=2.37  YPbLZK2W  YPbLZK2W,"1.5*group_rank(fnd6_newqv1300_dpactq/cap, subindustry) + group_rank(ts_av_diff(c
  S=2.16  线=2.38  e791WzbO  e791WzbO,"group_rank(fnd6_newqv1300_cimiiq/assets, subindustry) + group_rank(ts_av_diff(ca
  S=2.16  线=2.38  zqYmRz0E  zqYmRz0E,"group_rank(-ts_mean(abs(returns)/volume, 20), subindustry) + rank(-ts_delta(clos
  S=2.21  线=2.43  1YwKML56  1YwKML56,"group_rank(ts_av_diff(cashflow_op/enterprise_value, 60), industry)",2.21,1.75,0.
  S=2.22  线=2.44  LL9n2Jp1  LL9n2Jp1,"group_rank(debt_st/assets, industry) + group_rank(operating_expense/assets, indu
  S=2.26  线=2.49  6XrbGx1L  6XrbGx1L,"group_rank(-(fnd6_newa2v1300_ni - cashflow_op)/assets, industry) + group_rank(fn
  S=2.27  线=2.50  6Xr2eQaJ  6Xr2eQaJ,"group_rank(authorized_stock_buyback_amount/assets, subindustry) + group_rank(-an
  S=2.27  线=2.50  9qV8l13o  9qV8l13o,"group_rank(fnd6_newqv1300_cimiiq/assets, subindustry) + group_rank(fnd6_txtubxin
  S=2.27  线=2.50  YPbGEV3q  YPbGEV3q,"1.5*zscore(ts_av_diff(cash/assets,45)) + group_rank(fnd6_txs/cap, subindustry) +
  S=2.28  线=2.51  omL8Mazn  omL8Mazn,"1.5*group_rank(fnd6_newqv1300_dpactq/cap, subindustry) + group_rank(ts_av_diff(c
  S=2.28  线=2.51  qMxzlLYK  qMxzlLYK,"group_rank(fnd6_newqv1300_cicurrq/assets, bucket(rank(ts_std_dev(returns, 20)), 
  S=2.29  线=2.52  9qVrJkYe  9qVrJkYe,"group_rank(operating_expense/assets, subindustry) + group_rank(ts_av_diff(cash/a
  S=2.30  线=2.53  LLNXEe7L  LLNXEe7L,"group_rank(fnd6_mfma2_revt/assets, bucket(rank(ts_std_dev(returns, 20)), range="
  S=2.30  线=2.53  MPaPe0oo  MPaPe0oo,"1.5*group_rank(fnd6_pstkl/cap, subindustry) + group_rank(fnd6_mfmq_mibtq/cap, su
  S=2.31  线=2.54  levpXXGl  levpXXGl,"1.5*group_rank(fn_accrued_liab_curr_a/assets, subindustry) + group_rank(-annual_
  S=2.32  线=2.55  A10a7pdY  A10a7pdY,"group_rank(ts_sum(if_else(close < open, volume, 0), 5)/ts_sum(volume, 5), indust
  S=2.32  线=2.55  WjPexbLZ  WjPexbLZ,"group_rank(fnd6_newqv1300_ivstq/assets, subindustry) + group_rank(fnd6_newqv1300
  S=2.32  线=2.55  qMW92Az2  qMW92Az2,"group_rank(liabilities_curr/cap, industry) + group_rank(ts_av_diff(cashflow_op/e
  S=2.34  线=2.57  kqo2oOXd  kqo2oOXd,"1.5*group_rank(ts_backfill(ts_av_diff(anl4_fs_detail_estimate_1qf_v4_nd_epsr_num
  S=2.34  线=2.57  levb0dQx  levb0dQx,"1.5*group_rank(anl4_fs_detail_estimate_1qf_v4_nd_totassets_mean/assets, subindus
  S=2.35  线=2.59  0mRwgR6k  0mRwgR6k,"group_rank(-ts_delta(close, 2), subindustry) + group_rank(fnd6_xopr/assets, subi
  S=2.37  线=2.61  gJbkQ31Q  gJbkQ31Q,"1.5*group_rank(ts_av_diff(cashflow_op/enterprise_value,45), subindustry) + group
  S=2.38  线=2.62  0mXm1neK  0mXm1neK,"1.5*group_rank(fnd6_lqpl1/cap, subindustry) + group_rank(-annual_intangible_asse
  S=2.39  线=2.63  E5vkQ76G  E5vkQ76G,"group_rank(fn_accrued_liab_curr_a/assets, subindustry) + group_rank(-ts_rank(ret
  S=2.39  线=2.63  RRV5l5Go  RRV5l5Go,"group_rank(fnd6_xrent/assets, subindustry) + group_rank(ts_av_diff(cash/assets, 
  S=2.41  线=2.65  le8ddYbe  le8ddYbe,"group_rank(liabilities_curr/assets, industry) + group_rank(-ts_corr(close, volum
  S=2.42  线=2.66  LLNL3qqm  LLNL3qqm,"1.5*group_rank(fnd6_pstkl/cap, subindustry) + group_rank(ts_av_diff(cashflow_op/
  S=2.42  线=2.66  N1avK6zw  N1avK6zw,"1.5*group_rank(fnd6_tfvce/assets, subindustry) + group_rank(fnd6_xrent/assets, s
  S=2.42  线=2.66  npKGgKLw  npKGgKLw,"group_rank(fnd6_xintopt/assets, bucket(rank(cap), range=""0.1, 1, 0.1"")) + grou
  S=2.43  线=2.67  kqVJXpAl  kqVJXpAl,"group_rank(fnd6_xrent/assets, subindustry) + group_rank(ts_av_diff(cashflow_op/e
  S=2.43  线=2.67  npdM3G7z  npdM3G7z,"1.5*group_rank(ts_backfill(ts_av_diff(anl4_fs_detail_estimate_1qf_v4_nd_epsr_num
  S=2.44  线=2.68  O0NP30KR  O0NP30KR,"1.5*group_rank(ts_av_diff(cash/assets,45), subindustry) + group_rank(-annual_int
  S=2.44  线=2.68  XgWnklXa  XgWnklXa,"group_rank(fnd6_xrent/assets, subindustry) + rank(-ts_delta(close, 2)) + rank(vo
  S=2.45  线=2.70  E5vx6NJP  E5vx6NJP,"group_rank(anl4_fs_detail_estimate_1qf_v4_nd_cfi_low/assets, subindustry) + grou
  S=2.45  线=2.70  LL98E87L  LL98E87L,"group_rank(fnd6_newqv1300_ivstq/assets, subindustry) + group_rank(fnd6_xrent/ass

==============================================================================
③ 命中记录（过了的）
==============================================================================
  w222_e                             S=3.10 corr=0.7466 撞LL9n2Jp1(S=2.22) 线=2.44 → 豁免放行
  x174_m161_e79PvPpE_AMIINT          S=2.59 corr=0.7356 撞levpXXGl(S=2.31) 线=2.54 → 豁免放行
  x196_w19612_SEC                    S=2.57 corr=0.7818 撞YwKML56(S=2.21) 线=2.43 → 豁免放行
  x174_w125_d_AMIINT                 S=2.60 corr=0.7314 撞MPaPe0oo(S=2.3) 线=2.53 → 豁免放行
  x172_w164_06_TURND                 S=2.82 corr=0.7072 撞8znv2Y1(S=2.56) 线=2.82 → 豁免放行
  w162_03                            S=2.58 corr=0.7622 撞kqoq0zed(S=2.02) 线=2.22 → 豁免放行
  w119_f                             S=2.86 corr=0.8579 撞akLmmvPW(S=2.48) 线=2.73 → 豁免放行
  x172_w164_05_TURND                 S=2.64 corr=0.9690 撞gJbkQ31Q(S=2.37) 线=2.61 → 豁免放行
  x174_w164_02_OTMINT                S=2.67 corr=0.7234 撞gJbkQ31Q(S=2.37) 线=2.61 → 豁免放行
  w225_j                             S=2.51 corr=0.7365 撞8Q7kl1z(S=2.14) 线=2.35 → 豁免放行
  x174_m161_e79PvPpE_AMIINT          S=2.59 corr=0.7356 撞levpXXGl(S=2.31) 线=2.54 → 豁免放行
  x196_w19612_SEC                    S=2.57 corr=0.7818 撞YwKML56(S=2.21) 线=2.43 → 豁免放行
  x174_w125_d_AMIINT                 S=2.60 corr=0.7314 撞MPaPe0oo(S=2.3) 线=2.53 → 豁免放行
  x172_w164_06_TURND                 S=2.82 corr=0.7072 撞8znv2Y1(S=2.56) 线=2.82 → 豁免放行
  w162_03                            S=2.58 corr=0.7622 撞kqoq0zed(S=2.02) 线=2.22 → 豁免放行
  w119_f                             S=2.86 corr=0.8579 撞akLmmvPW(S=2.48) 线=2.73 → 豁免放行
  x172_w164_05_TURND                 S=2.64 corr=0.9690 撞gJbkQ31Q(S=2.37) 线=2.61 → 豁免放行
  x174_w164_02_OTMINT                S=2.67 corr=0.7234 撞gJbkQ31Q(S=2.37) 线=2.61 → 豁免放行
  x174_x172_w164_01_TURND_OTMINT     S=2.59 corr=0.7531 撞gJbkQ31Q(S=2.37) 线=2.61 → 豁免放行
  x175_x172_w164_01_TURND_B          S=2.59 corr=0.7531 撞gJbkQ31Q(S=2.37) 线=2.61 → 豁免放行
  x174_m161_e79PvPpE_AMIINT          S=2.59 corr=0.7356 撞levpXXGl(S=2.31) 线=2.54 → 豁免放行
  x196_w19612_SEC                    S=2.57 corr=0.7818 撞YwKML56(S=2.21) 线=2.43 → 豁免放行
  x174_w125_d_AMIINT                 S=2.60 corr=0.7314 撞MPaPe0oo(S=2.3) 线=2.53 → 豁免放行
  x172_w164_06_TURND                 S=2.82 corr=0.7072 撞8znv2Y1(S=2.56) 线=2.82 → 豁免放行
  w162_03                            S=2.58 corr=0.7622 撞kqoq0zed(S=2.02) 线=2.22 → 豁免放行
  w119_f                             S=2.86 corr=0.8579 撞akLmmvPW(S=2.48) 线=2.73 → 豁免放行
  x172_w164_05_TURND                 S=2.64 corr=0.9690 撞gJbkQ31Q(S=2.37) 线=2.61 → 豁免放行
  x174_w164_02_OTMINT                S=2.67 corr=0.7234 撞gJbkQ31Q(S=2.37) 线=2.61 → 豁免放行
  x174_x172_w164_01_TURND_OTMINT     S=2.59 corr=0.7531 撞gJbkQ31Q(S=2.37) 线=2.61 → 豁免放行
  x175_x172_w164_01_TURND_B          S=2.59 corr=0.7531 撞gJbkQ31Q(S=2.37) 线=2.61 → 豁免放行
  x179_x175x172w16401TURNDI_SEC      S=2.44 corr=0.8346 撞akbjdK26(S=2.12) 线=2.33 → 豁免放行
  x174_m161_e79PvPpE_AMIINT          S=2.59 corr=0.7356 撞levpXXGl(S=2.31) 线=2.54 → 豁免放行
  x196_w19612_SEC                    S=2.57 corr=0.7818 撞YwKML56(S=2.21) 线=2.43 → 豁免放行
  x174_w125_d_AMIINT                 S=2.60 corr=0.7314 撞MPaPe0oo(S=2.3) 线=2.53 → 豁免放行
  x172_w164_06_TURND                 S=2.82 corr=0.7072 撞8znv2Y1(S=2.56) 线=2.82 → 豁免放行
  w162_03                            S=2.58 corr=0.7622 撞kqoq0zed(S=2.02) 线=2.22 → 豁免放行
  w119_f                             S=2.86 corr=0.8579 撞akLmmvPW(S=2.48) 线=2.73 → 豁免放行
  x172_w164_05_TURND                 S=2.64 corr=0.9690 撞gJbkQ31Q(S=2.37) 线=2.61 → 豁免放行
  x174_w164_02_OTMINT                S=2.67 corr=0.7234 撞gJbkQ31Q(S=2.37) 线=2.61 → 豁免放行
  x174_x172_w164_01_TURND_OTMINT     S=2.59 corr=0.7531 撞gJbkQ31Q(S=2.37) 线=2.61 → 豁免放行
  x175_x172_w164_01_TURND_B          S=2.59 corr=0.7531 撞gJbkQ31Q(S=2.37) 线=2.61 → 豁免放行
  w206_05                            S=3.26 corr=0.8120 撞qXd5vg0(S=2.91) 线=3.20 → 豁免放行
  w206_01                            S=3.26 corr=0.8305 撞qXd5vg0(S=2.91) 线=3.20 → 豁免放行
  w206_04                            S=3.21 corr=0.7981 撞qXd5vg0(S=2.91) 线=3.20 → 豁免放行
  w206_07                            S=3.21 corr=0.8359 撞qXd5vg0(S=2.91) 线=3.20 → 豁免放行
  w206_08                            S=3.20 corr=0.7936 撞qXd5vg0(S=2.91) 线=3.20 → 豁免放行
  w218_s2                            S=2.29 corr=0.7135 撞kqoq0zed(S=2.02) 线=2.22 → 豁免放行
  w218_s                             S=2.27 corr=0.7117 撞kqoq0zed(S=2.02) 线=2.22 → 豁免放行
  w204_02                            S=2.78 corr=0.7489 撞zq8Xeo2R(S=2.52) 线=2.77 → 豁免放行
  w204_11                            S=2.79 corr=0.7371 撞zq8Xeo2R(S=2.52) 线=2.77 → 豁免放行
  w206_05                            S=3.26 corr=0.8120 撞qXd5vg0(S=2.91) 线=3.20 → 豁免放行
  w222_e                             S=3.10 corr=0.7466 撞LL9n2Jp1(S=2.22) 线=2.44 → 豁免放行
  w225_j                             S=2.51 corr=0.7365 撞8Q7kl1z(S=2.14) 线=2.35 → 豁免放行

样本 2333 条判决，其中放行 53 条