LEN 10295
1 # 00 方法论总纲（唯一事实源）
10 ## 0. 现状一句话（2026-09-19）
17 ## 1. 当前有效打法（按破墙效力排序）
19 ### 1.1 日内几何低共享组合（当前主力，09-18~09-19 实证）
27 ### 1.2 真实 PnL 判决链（每条候选必走，09-16 起固化）
33 ### 1.3 中性化投影——救急杠杆，不是量产杠杆（2026-09-16 实证）
39 ### 1.4 历史过墙配方档案（各自家族已消耗，复用先看状态）
54 ## 2. 已判死维度总表（全部实测，勿再试）
61 | 2 | 换区域 | 09-16 晚（09-13 首测） | 本账号 USA 单区，ASI/EUR/GLB/HKG/JPN 全 400 `Region not available`；CHN 字段数 0 |
79 | 20 | 经典风格几何当主腿（低波/长反转/波动率收缩/量能异动/流动性变化/中期动量） | 09-19（w209） | 8/8 单腿 standalone S −0.13~0.64（低波 0.03/0.00、长反转
91 ## 3. 参数标定（数值全部带日期）
93 ### 3.1 pred→real 偏移三条定律（2026-09-18/19 标定，取代旧常数标定）
99 ### 3.2 本地 corr 判决参数
107 ### 3.3 质量与结构甜点（09-13~09-15 标定，未推翻）
108 - 质量闸门：S+F ≥ 4.0 + tS ≥ 1.25 + 无 FAIL。豁免线 = 1.10 × max(所有 corr≥0.7 对手的 S)，**对手 S 取台账 row[2]**。
116 ## 4. 三条铁律
124 ## 5. 提交判决机制（2026-09-16 定案）
132 - **判决书 `is.selfCorrelated.records` 自带对手明细**（id/corr/sharpe）→ **提交即测量**，豁免线逐条算。`correlations/self` 端点弃用（09-16）
137 ## 6. 踩坑记录（工具与流程事故，全部真实发生）
144 | 2 | 0914~0916 | "434 条积压无法提交"误报两天 | blind_submit 丢判决书（三种假判决，见 §5） | 判据唯一化：FAIL 才是拒信；submit_v3 |
145 | 3 | 0916 | 豁免线虚报"177 条够豁免"，实际 0 条 | 把台账 row[3]（Fitness）当 Sharpe 用 | S 一律 row[2]；写计数前实测 |
162 ## 7. 研报移植方法论（0914~0915 沉淀）
171 ## 8. 历史附录索引（证据链，结论以本文件为准）
