E5paK2Xm fixed -> dict daily, 1236 rows
Vk6AxE1b already dict, skip
j23qYr8O already dict, skip
QPbPVOn5 already dict, skip
blRJRxvl already dict, skip
corr(x214_w54c_SEC, zq8jl99K) = 0.6044
corr(w125_c, zq8jl99K) = 0.4955
corr(w125_d, zq8jl99K) = 0.5287
corr(w131_h, zq8jl99K) = 0.5877
corr(w54_c, zq8jl99K) = 0.3480
corr(E5paK2Xm, Vk6AxE1b) = 0.6006
corr(E5paK2Xm, j23qYr8O) = 0.6180
corr(E5paK2Xm, QPbPVOn5) = 0.7083
corr(E5paK2Xm, blRJRxvl) = 0.6513
corr(Vk6AxE1b, j23qYr8O) = 0.7854
corr(Vk6AxE1b, QPbPVOn5) = 0.5368
corr(Vk6AxE1b, blRJRxvl) = 0.2811
corr(j23qYr8O, QPbPVOn5) = 0.6560
corr(j23qYr8O, blRJRxvl) = 0.3308
corr(QPbPVOn5, blRJRxvl) = 0.3704
